cpu-bind=MASK - n2cn0290, task  0  0 [246211]: mask 0x|BBBBBBBB|BBBBBBBB||BBBBBBBB|BBBBBBBB||BBBBBBBB|BBBBBBBB||BBBBBBBB|BBBBBBBB||||BBBBBBBB|BBBBBBBB||BBBBBBBB|BBBBBBBB||BBBBBBBB|BBBBBBBB||BBBBBBBB|BBBBBBBB| set

Currently Loaded Modules:
  1) pc2fs
  2) slurm/25.11.2-1
  3) DefaultModules                            (S)
  4) compiler/GCCcore/14.2.0
  5) devel/ncurses/6.5-GCCcore-14.2.0
  6) lib/zlib/1.3.1-GCCcore-14.2.0
  7) tools/bzip2/1.0.8-GCCcore-14.2.0
  8) lib/libidn2/2.3.7-GCCcore-14.2.0
  9) lib/libiconv/1.18-GCCcore-14.2.0
 10) lib/libunistring/1.3-GCCcore-14.2.0
 11) lib/libpsl/0.21.5-GCCcore-14.2.0
 12) system/OpenSSL/3
 13) tools/cURL/8.11.1-GCCcore-14.2.0
 14) tools/XZ/5.6.3-GCCcore-14.2.0
 15) tools/libarchive/3.7.7-GCCcore-14.2.0
 16) devel/CMake/3.31.3-GCCcore-14.2.0
 17) tools/binutils/2.42-GCCcore-14.2.0
 18) compiler/GCC/14.2.0
 19) tools/numactl/2.0.19-GCCcore-14.2.0
 20) lib/libxml2/2.13.4-GCCcore-14.2.0
 21) system/libpciaccess/0.18.1-GCCcore-14.2.0
 22) system/hwloc/2.11.2-GCCcore-14.2.0
 23) lib/libevent/2.1.12-GCCcore-14.2.0
 24) lib/UCX/1.18.0-GCCcore-14.2.0
 25) lib/libfabric/2.0.0-GCCcore-14.2.0
 26) lib/PMIx/5.0.6-GCCcore-14.2.0
 27) lib/PRRTE/3.0.8-GCCcore-14.2.0
 28) lib/UCC/1.3.0-GCCcore-14.2.0
 29) mpi/OpenMPI/5.0.7-GCC-14.2.0
 30) toolchain/gompi/2025a
 31) numlib/FFTW/3.3.10-GCC-14.2.0
 32) numlib/FFTW.MPI/3.3.10-gompi-2025a
 33) tools/Szip/2.1.1-GCCcore-14.2.0
 34) data/HDF5/1.14.6-gompi-2025a

  Where:
   S:  Module is Sticky, requires --force to unload or purge
=== strong_cpu: N=1536 nodes=2 ranks=256 threads=1 iters=50 ===
cpu-bind=MASK - n2cn0747, task 128  0 [283605]: mask 0x|B-------|--------||--------|--------||--------|--------||--------|--------||||--------|--------||--------|--------||--------|--------||--------|--------| set
cpu-bind=MASK - n2cn0747, task 129  1 [283606]: mask 0x|-B------|--------||--------|--------||--------|--------||--------|--------||||--------|--------||--------|--------||--------|--------||--------|--------| set
cpu-bind=MASK - n2cn0747, task 130  2 [283607]: mask 0x|--B-----|--------||--------|--------||--------|--------||--------|--------||||--------|--------||--------|--------||--------|--------||--------|--------| set
cpu-bind=MASK - n2cn0747, task 131  3 [283608]: mask 0x|---B----|--------||--------|--------||--------|--------||--------|--------||||--------|--------||--------|--------||--------|--------||--------|--------| set
cpu-bind=MASK - n2cn0747, task 132  4 [283609]: mask 0x|----B---|--------||--------|--------||--------|--------||--------|--------||||--------|--------||--------|--------||--------|--------||--------|--------| set
cpu-bind=MASK - n2cn0747, task 133  5 [283610]: mask 0x|-----B--|--------||--------|--------||--------|--------||--------|--------||||--------|--------||--------|--------||--------|--------||--------|--------| set
cpu-bind=MASK - n2cn0747, task 134  6 [283611]: mask 0x|------B-|--------||--------|--------||--------|--------||--------|--------||||--------|--------||--------|--------||--------|--------||--------|--------| set
cpu-bind=MASK - n2cn0290, task  0  0 [246303]: mask 0x|B-------|--------||--------|--------||--------|--------||--------|--------||||--------|--------||--------|--------||--------|--------||--------|--------| set
cpu-bind=MASK - n2cn0747, task 135  7 [283612]: mask 0x|-------B|--------||--------|--------||--------|--------||--------|--------||||--------|--------||--------|--------||--------|--------||--------|--------| set
cpu-bind=MASK - n2cn0290, task  1  1 [246304]: mask 0x|-B------|--------||--------|--------||--------|--------||--------|--------||||--------|--------||--------|--------||--------|--------||--------|--------| set
cpu-bind=MASK - n2cn0747, task 136  8 [283613]: mask 0x|--------|B-------||--------|--------||--------|--------||--------|--------||||--------|--------||--------|--------||--------|--------||--------|--------| set
cpu-bind=MASK - n2cn0290, task  2  2 [246305]: mask 0x|--B-----|--------||--------|--------||--------|--------||--------|--------||||--------|--------||--------|--------||--------|--------||--------|--------| set
cpu-bind=MASK - n2cn0747, task 137  9 [283614]: mask 0x|--------|-B------||--------|--------||--------|--------||--------|--------||||--------|--------||--------|--------||--------|--------||--------|--------| set
cpu-bind=MASK - n2cn0290, task  3  3 [246306]: mask 0x|---B----|--------||--------|--------||--------|--------||--------|--------||||--------|--------||--------|--------||--------|--------||--------|--------| set
cpu-bind=MASK - n2cn0747, task 138 10 [283615]: mask 0x|--------|--B-----||--------|--------||--------|--------||--------|--------||||--------|--------||--------|--------||--------|--------||--------|--------| set
cpu-bind=MASK - n2cn0290, task  4  4 [246307]: mask 0x|----B---|--------||--------|--------||--------|--------||--------|--------||||--------|--------||--------|--------||--------|--------||--------|--------| set
cpu-bind=MASK - n2cn0747, task 139 11 [283616]: mask 0x|--------|---B----||--------|--------||--------|--------||--------|--------||||--------|--------||--------|--------||--------|--------||--------|--------| set
cpu-bind=MASK - n2cn0290, task  5  5 [246308]: mask 0x|-----B--|--------||--------|--------||--------|--------||--------|--------||||--------|--------||--------|--------||--------|--------||--------|--------| set
cpu-bind=MASK - n2cn0747, task 140 12 [283617]: mask 0x|--------|----B---||--------|--------||--------|--------||--------|--------||||--------|--------||--------|--------||--------|--------||--------|--------| set
cpu-bind=MASK - n2cn0290, task  6  6 [246309]: mask 0x|------B-|--------||--------|--------||--------|--------||--------|--------||||--------|--------||--------|--------||--------|--------||--------|--------| set
cpu-bind=MASK - n2cn0747, task 141 13 [283618]: mask 0x|--------|-----B--||--------|--------||--------|--------||--------|--------||||--------|--------||--------|--------||--------|--------||--------|--------| set
cpu-bind=MASK - n2cn0290, task  7  7 [246310]: mask 0x|-------B|--------||--------|--------||--------|--------||--------|--------||||--------|--------||--------|--------||--------|--------||--------|--------| set
cpu-bind=MASK - n2cn0747, task 142 14 [283619]: mask 0x|--------|------B-||--------|--------||--------|--------||--------|--------||||--------|--------||--------|--------||--------|--------||--------|--------| set
cpu-bind=MASK - n2cn0290, task  8  8 [246311]: mask 0x|--------|B-------||--------|--------||--------|--------||--------|--------||||--------|--------||--------|--------||--------|--------||--------|--------| set
cpu-bind=MASK - n2cn0747, task 143 15 [283620]: mask 0x|--------|-------B||--------|--------||--------|--------||--------|--------||||--------|--------||--------|--------||--------|--------||--------|--------| set
cpu-bind=MASK - n2cn0290, task  9  9 [246312]: mask 0x|--------|-B------||--------|--------||--------|--------||--------|--------||||--------|--------||--------|--------||--------|--------||--------|--------| set
cpu-bind=MASK - n2cn0747, task 144 16 [283621]: mask 0x|--------|--------||B-------|--------||--------|--------||--------|--------||||--------|--------||--------|--------||--------|--------||--------|--------| set
cpu-bind=MASK - n2cn0290, task 10 10 [246313]: mask 0x|--------|--B-----||--------|--------||--------|--------||--------|--------||||--------|--------||--------|--------||--------|--------||--------|--------| set
cpu-bind=MASK - n2cn0747, task 145 17 [283622]: mask 0x|--------|--------||-B------|--------||--------|--------||--------|--------||||--------|--------||--------|--------||--------|--------||--------|--------| set
cpu-bind=MASK - n2cn0290, task 11 11 [246314]: mask 0x|--------|---B----||--------|--------||--------|--------||--------|--------||||--------|--------||--------|--------||--------|--------||--------|--------| set
cpu-bind=MASK - n2cn0747, task 146 18 [283623]: mask 0x|--------|--------||--B-----|--------||--------|--------||--------|--------||||--------|--------||--------|--------||--------|--------||--------|--------| set
cpu-bind=MASK - n2cn0290, task 12 12 [246315]: mask 0x|--------|----B---||--------|--------||--------|--------||--------|--------||||--------|--------||--------|--------||--------|--------||--------|--------| set
cpu-bind=MASK - n2cn0290, task 13 13 [246316]: mask 0x|--------|-----B--||--------|--------||--------|--------||--------|--------||||--------|--------||--------|--------||--------|--------||--------|--------| set
cpu-bind=MASK - n2cn0747, task 147 19 [283624]: mask 0x|--------|--------||---B----|--------||--------|--------||--------|--------||||--------|--------||--------|--------||--------|--------||--------|--------| set
cpu-bind=MASK - n2cn0290, task 14 14 [246317]: mask 0x|--------|------B-||--------|--------||--------|--------||--------|--------||||--------|--------||--------|--------||--------|--------||--------|--------| set
cpu-bind=MASK - n2cn0747, task 148 20 [283625]: mask 0x|--------|--------||----B---|--------||--------|--------||--------|--------||||--------|--------||--------|--------||--------|--------||--------|--------| set
cpu-bind=MASK - n2cn0290, task 15 15 [246318]: mask 0x|--------|-------B||--------|--------||--------|--------||--------|--------||||--------|--------||--------|--------||--------|--------||--------|--------| set
cpu-bind=MASK - n2cn0747, task 149 21 [283626]: mask 0x|--------|--------||-----B--|--------||--------|--------||--------|--------||||--------|--------||--------|--------||--------|--------||--------|--------| set
cpu-bind=MASK - n2cn0290, task 16 16 [246319]: mask 0x|--------|--------||B-------|--------||--------|--------||--------|--------||||--------|--------||--------|--------||--------|--------||--------|--------| set
cpu-bind=MASK - n2cn0747, task 150 22 [283627]: mask 0x|--------|--------||------B-|--------||--------|--------||--------|--------||||--------|--------||--------|--------||--------|--------||--------|--------| set
cpu-bind=MASK - n2cn0290, task 17 17 [246320]: mask 0x|--------|--------||-B------|--------||--------|--------||--------|--------||||--------|--------||--------|--------||--------|--------||--------|--------| set
cpu-bind=MASK - n2cn0747, task 151 23 [283628]: mask 0x|--------|--------||-------B|--------||--------|--------||--------|--------||||--------|--------||--------|--------||--------|--------||--------|--------| set
cpu-bind=MASK - n2cn0290, task 18 18 [246321]: mask 0x|--------|--------||--B-----|--------||--------|--------||--------|--------||||--------|--------||--------|--------||--------|--------||--------|--------| set
cpu-bind=MASK - n2cn0747, task 152 24 [283629]: mask 0x|--------|--------||--------|B-------||--------|--------||--------|--------||||--------|--------||--------|--------||--------|--------||--------|--------| set
cpu-bind=MASK - n2cn0290, task 19 19 [246322]: mask 0x|--------|--------||---B----|--------||--------|--------||--------|--------||||--------|--------||--------|--------||--------|--------||--------|--------| set
cpu-bind=MASK - n2cn0290, task 20 20 [246323]: mask 0x|--------|--------||----B---|--------||--------|--------||--------|--------||||--------|--------||--------|--------||--------|--------||--------|--------| set
cpu-bind=MASK - n2cn0747, task 153 25 [283630]: mask 0x|--------|--------||--------|-B------||--------|--------||--------|--------||||--------|--------||--------|--------||--------|--------||--------|--------| set
cpu-bind=MASK - n2cn0747, task 154 26 [283631]: mask 0x|--------|--------||--------|--B-----||--------|--------||--------|--------||||--------|--------||--------|--------||--------|--------||--------|--------| set
cpu-bind=MASK - n2cn0290, task 21 21 [246324]: mask 0x|--------|--------||-----B--|--------||--------|--------||--------|--------||||--------|--------||--------|--------||--------|--------||--------|--------| set
cpu-bind=MASK - n2cn0747, task 155 27 [283632]: mask 0x|--------|--------||--------|---B----||--------|--------||--------|--------||||--------|--------||--------|--------||--------|--------||--------|--------| set
cpu-bind=MASK - n2cn0290, task 22 22 [246325]: mask 0x|--------|--------||------B-|--------||--------|--------||--------|--------||||--------|--------||--------|--------||--------|--------||--------|--------| set
cpu-bind=MASK - n2cn0290, task 23 23 [246326]: mask 0x|--------|--------||-------B|--------||--------|--------||--------|--------||||--------|--------||--------|--------||--------|--------||--------|--------| set
cpu-bind=MASK - n2cn0747, task 156 28 [283633]: mask 0x|--------|--------||--------|----B---||--------|--------||--------|--------||||--------|--------||--------|--------||--------|--------||--------|--------| set
cpu-bind=MASK - n2cn0290, task 24 24 [246327]: mask 0x|--------|--------||--------|B-------||--------|--------||--------|--------||||--------|--------||--------|--------||--------|--------||--------|--------| set
cpu-bind=MASK - n2cn0747, task 157 29 [283634]: mask 0x|--------|--------||--------|-----B--||--------|--------||--------|--------||||--------|--------||--------|--------||--------|--------||--------|--------| set
cpu-bind=MASK - n2cn0290, task 25 25 [246328]: mask 0x|--------|--------||--------|-B------||--------|--------||--------|--------||||--------|--------||--------|--------||--------|--------||--------|--------| set
cpu-bind=MASK - n2cn0747, task 158 30 [283635]: mask 0x|--------|--------||--------|------B-||--------|--------||--------|--------||||--------|--------||--------|--------||--------|--------||--------|--------| set
cpu-bind=MASK - n2cn0290, task 26 26 [246329]: mask 0x|--------|--------||--------|--B-----||--------|--------||--------|--------||||--------|--------||--------|--------||--------|--------||--------|--------| set
cpu-bind=MASK - n2cn0747, task 159 31 [283636]: mask 0x|--------|--------||--------|-------B||--------|--------||--------|--------||||--------|--------||--------|--------||--------|--------||--------|--------| set
cpu-bind=MASK - n2cn0290, task 27 27 [246330]: mask 0x|--------|--------||--------|---B----||--------|--------||--------|--------||||--------|--------||--------|--------||--------|--------||--------|--------| set
cpu-bind=MASK - n2cn0747, task 160 32 [283637]: mask 0x|--------|--------||--------|--------||B-------|--------||--------|--------||||--------|--------||--------|--------||--------|--------||--------|--------| set
cpu-bind=MASK - n2cn0290, task 28 28 [246331]: mask 0x|--------|--------||--------|----B---||--------|--------||--------|--------||||--------|--------||--------|--------||--------|--------||--------|--------| set
cpu-bind=MASK - n2cn0747, task 161 33 [283638]: mask 0x|--------|--------||--------|--------||-B------|--------||--------|--------||||--------|--------||--------|--------||--------|--------||--------|--------| set
cpu-bind=MASK - n2cn0290, task 29 29 [246332]: mask 0x|--------|--------||--------|-----B--||--------|--------||--------|--------||||--------|--------||--------|--------||--------|--------||--------|--------| set
cpu-bind=MASK - n2cn0747, task 162 34 [283639]: mask 0x|--------|--------||--------|--------||--B-----|--------||--------|--------||||--------|--------||--------|--------||--------|--------||--------|--------| set
cpu-bind=MASK - n2cn0290, task 30 30 [246333]: mask 0x|--------|--------||--------|------B-||--------|--------||--------|--------||||--------|--------||--------|--------||--------|--------||--------|--------| set
cpu-bind=MASK - n2cn0747, task 163 35 [283640]: mask 0x|--------|--------||--------|--------||---B----|--------||--------|--------||||--------|--------||--------|--------||--------|--------||--------|--------| set
cpu-bind=MASK - n2cn0290, task 31 31 [246334]: mask 0x|--------|--------||--------|-------B||--------|--------||--------|--------||||--------|--------||--------|--------||--------|--------||--------|--------| set
cpu-bind=MASK - n2cn0747, task 164 36 [283641]: mask 0x|--------|--------||--------|--------||----B---|--------||--------|--------||||--------|--------||--------|--------||--------|--------||--------|--------| set
cpu-bind=MASK - n2cn0290, task 32 32 [246335]: mask 0x|--------|--------||--------|--------||B-------|--------||--------|--------||||--------|--------||--------|--------||--------|--------||--------|--------| set
cpu-bind=MASK - n2cn0747, task 165 37 [283642]: mask 0x|--------|--------||--------|--------||-----B--|--------||--------|--------||||--------|--------||--------|--------||--------|--------||--------|--------| set
cpu-bind=MASK - n2cn0290, task 33 33 [246336]: mask 0x|--------|--------||--------|--------||-B------|--------||--------|--------||||--------|--------||--------|--------||--------|--------||--------|--------| set
cpu-bind=MASK - n2cn0747, task 166 38 [283643]: mask 0x|--------|--------||--------|--------||------B-|--------||--------|--------||||--------|--------||--------|--------||--------|--------||--------|--------| set
cpu-bind=MASK - n2cn0290, task 34 34 [246337]: mask 0x|--------|--------||--------|--------||--B-----|--------||--------|--------||||--------|--------||--------|--------||--------|--------||--------|--------| set
cpu-bind=MASK - n2cn0747, task 167 39 [283644]: mask 0x|--------|--------||--------|--------||-------B|--------||--------|--------||||--------|--------||--------|--------||--------|--------||--------|--------| set
cpu-bind=MASK - n2cn0290, task 35 35 [246338]: mask 0x|--------|--------||--------|--------||---B----|--------||--------|--------||||--------|--------||--------|--------||--------|--------||--------|--------| set
cpu-bind=MASK - n2cn0747, task 168 40 [283645]: mask 0x|--------|--------||--------|--------||--------|B-------||--------|--------||||--------|--------||--------|--------||--------|--------||--------|--------| set
cpu-bind=MASK - n2cn0290, task 36 36 [246339]: mask 0x|--------|--------||--------|--------||----B---|--------||--------|--------||||--------|--------||--------|--------||--------|--------||--------|--------| set
cpu-bind=MASK - n2cn0290, task 37 37 [246340]: mask 0x|--------|--------||--------|--------||-----B--|--------||--------|--------||||--------|--------||--------|--------||--------|--------||--------|--------| set
cpu-bind=MASK - n2cn0747, task 169 41 [283646]: mask 0x|--------|--------||--------|--------||--------|-B------||--------|--------||||--------|--------||--------|--------||--------|--------||--------|--------| set
cpu-bind=MASK - n2cn0290, task 38 38 [246341]: mask 0x|--------|--------||--------|--------||------B-|--------||--------|--------||||--------|--------||--------|--------||--------|--------||--------|--------| set
cpu-bind=MASK - n2cn0747, task 170 42 [283647]: mask 0x|--------|--------||--------|--------||--------|--B-----||--------|--------||||--------|--------||--------|--------||--------|--------||--------|--------| set
cpu-bind=MASK - n2cn0290, task 39 39 [246342]: mask 0x|--------|--------||--------|--------||-------B|--------||--------|--------||||--------|--------||--------|--------||--------|--------||--------|--------| set
cpu-bind=MASK - n2cn0747, task 171 43 [283648]: mask 0x|--------|--------||--------|--------||--------|---B----||--------|--------||||--------|--------||--------|--------||--------|--------||--------|--------| set
cpu-bind=MASK - n2cn0747, task 172 44 [283649]: mask 0x|--------|--------||--------|--------||--------|----B---||--------|--------||||--------|--------||--------|--------||--------|--------||--------|--------| set
cpu-bind=MASK - n2cn0290, task 40 40 [246343]: mask 0x|--------|--------||--------|--------||--------|B-------||--------|--------||||--------|--------||--------|--------||--------|--------||--------|--------| set
cpu-bind=MASK - n2cn0747, task 173 45 [283650]: mask 0x|--------|--------||--------|--------||--------|-----B--||--------|--------||||--------|--------||--------|--------||--------|--------||--------|--------| set
cpu-bind=MASK - n2cn0290, task 41 41 [246344]: mask 0x|--------|--------||--------|--------||--------|-B------||--------|--------||||--------|--------||--------|--------||--------|--------||--------|--------| set
cpu-bind=MASK - n2cn0290, task 42 42 [246345]: mask 0x|--------|--------||--------|--------||--------|--B-----||--------|--------||||--------|--------||--------|--------||--------|--------||--------|--------| set
cpu-bind=MASK - n2cn0747, task 174 46 [283651]: mask 0x|--------|--------||--------|--------||--------|------B-||--------|--------||||--------|--------||--------|--------||--------|--------||--------|--------| set
cpu-bind=MASK - n2cn0290, task 43 43 [246346]: mask 0x|--------|--------||--------|--------||--------|---B----||--------|--------||||--------|--------||--------|--------||--------|--------||--------|--------| set
cpu-bind=MASK - n2cn0747, task 175 47 [283652]: mask 0x|--------|--------||--------|--------||--------|-------B||--------|--------||||--------|--------||--------|--------||--------|--------||--------|--------| set
cpu-bind=MASK - n2cn0290, task 44 44 [246347]: mask 0x|--------|--------||--------|--------||--------|----B---||--------|--------||||--------|--------||--------|--------||--------|--------||--------|--------| set
cpu-bind=MASK - n2cn0747, task 176 48 [283653]: mask 0x|--------|--------||--------|--------||--------|--------||B-------|--------||||--------|--------||--------|--------||--------|--------||--------|--------| set
cpu-bind=MASK - n2cn0290, task 45 45 [246348]: mask 0x|--------|--------||--------|--------||--------|-----B--||--------|--------||||--------|--------||--------|--------||--------|--------||--------|--------| set
cpu-bind=MASK - n2cn0747, task 177 49 [283654]: mask 0x|--------|--------||--------|--------||--------|--------||-B------|--------||||--------|--------||--------|--------||--------|--------||--------|--------| set
cpu-bind=MASK - n2cn0290, task 46 46 [246349]: mask 0x|--------|--------||--------|--------||--------|------B-||--------|--------||||--------|--------||--------|--------||--------|--------||--------|--------| set
cpu-bind=MASK - n2cn0747, task 178 50 [283655]: mask 0x|--------|--------||--------|--------||--------|--------||--B-----|--------||||--------|--------||--------|--------||--------|--------||--------|--------| set
cpu-bind=MASK - n2cn0290, task 47 47 [246350]: mask 0x|--------|--------||--------|--------||--------|-------B||--------|--------||||--------|--------||--------|--------||--------|--------||--------|--------| set
cpu-bind=MASK - n2cn0747, task 179 51 [283656]: mask 0x|--------|--------||--------|--------||--------|--------||---B----|--------||||--------|--------||--------|--------||--------|--------||--------|--------| set
cpu-bind=MASK - n2cn0290, task 48 48 [246351]: mask 0x|--------|--------||--------|--------||--------|--------||B-------|--------||||--------|--------||--------|--------||--------|--------||--------|--------| set
cpu-bind=MASK - n2cn0747, task 180 52 [283657]: mask 0x|--------|--------||--------|--------||--------|--------||----B---|--------||||--------|--------||--------|--------||--------|--------||--------|--------| set
cpu-bind=MASK - n2cn0290, task 49 49 [246352]: mask 0x|--------|--------||--------|--------||--------|--------||-B------|--------||||--------|--------||--------|--------||--------|--------||--------|--------| set
cpu-bind=MASK - n2cn0747, task 181 53 [283658]: mask 0x|--------|--------||--------|--------||--------|--------||-----B--|--------||||--------|--------||--------|--------||--------|--------||--------|--------| set
cpu-bind=MASK - n2cn0290, task 50 50 [246353]: mask 0x|--------|--------||--------|--------||--------|--------||--B-----|--------||||--------|--------||--------|--------||--------|--------||--------|--------| set
cpu-bind=MASK - n2cn0747, task 182 54 [283659]: mask 0x|--------|--------||--------|--------||--------|--------||------B-|--------||||--------|--------||--------|--------||--------|--------||--------|--------| set
cpu-bind=MASK - n2cn0290, task 51 51 [246354]: mask 0x|--------|--------||--------|--------||--------|--------||---B----|--------||||--------|--------||--------|--------||--------|--------||--------|--------| set
cpu-bind=MASK - n2cn0747, task 183 55 [283660]: mask 0x|--------|--------||--------|--------||--------|--------||-------B|--------||||--------|--------||--------|--------||--------|--------||--------|--------| set
cpu-bind=MASK - n2cn0290, task 52 52 [246355]: mask 0x|--------|--------||--------|--------||--------|--------||----B---|--------||||--------|--------||--------|--------||--------|--------||--------|--------| set
cpu-bind=MASK - n2cn0747, task 184 56 [283661]: mask 0x|--------|--------||--------|--------||--------|--------||--------|B-------||||--------|--------||--------|--------||--------|--------||--------|--------| set
cpu-bind=MASK - n2cn0290, task 53 53 [246356]: mask 0x|--------|--------||--------|--------||--------|--------||-----B--|--------||||--------|--------||--------|--------||--------|--------||--------|--------| set
cpu-bind=MASK - n2cn0747, task 185 57 [283662]: mask 0x|--------|--------||--------|--------||--------|--------||--------|-B------||||--------|--------||--------|--------||--------|--------||--------|--------| set
cpu-bind=MASK - n2cn0290, task 54 54 [246357]: mask 0x|--------|--------||--------|--------||--------|--------||------B-|--------||||--------|--------||--------|--------||--------|--------||--------|--------| set
cpu-bind=MASK - n2cn0747, task 186 58 [283663]: mask 0x|--------|--------||--------|--------||--------|--------||--------|--B-----||||--------|--------||--------|--------||--------|--------||--------|--------| set
cpu-bind=MASK - n2cn0290, task 55 55 [246358]: mask 0x|--------|--------||--------|--------||--------|--------||-------B|--------||||--------|--------||--------|--------||--------|--------||--------|--------| set
cpu-bind=MASK - n2cn0747, task 187 59 [283664]: mask 0x|--------|--------||--------|--------||--------|--------||--------|---B----||||--------|--------||--------|--------||--------|--------||--------|--------| set
cpu-bind=MASK - n2cn0290, task 56 56 [246359]: mask 0x|--------|--------||--------|--------||--------|--------||--------|B-------||||--------|--------||--------|--------||--------|--------||--------|--------| set
cpu-bind=MASK - n2cn0747, task 188 60 [283665]: mask 0x|--------|--------||--------|--------||--------|--------||--------|----B---||||--------|--------||--------|--------||--------|--------||--------|--------| set
cpu-bind=MASK - n2cn0290, task 57 57 [246360]: mask 0x|--------|--------||--------|--------||--------|--------||--------|-B------||||--------|--------||--------|--------||--------|--------||--------|--------| set
cpu-bind=MASK - n2cn0747, task 189 61 [283666]: mask 0x|--------|--------||--------|--------||--------|--------||--------|-----B--||||--------|--------||--------|--------||--------|--------||--------|--------| set
cpu-bind=MASK - n2cn0290, task 58 58 [246361]: mask 0x|--------|--------||--------|--------||--------|--------||--------|--B-----||||--------|--------||--------|--------||--------|--------||--------|--------| set
cpu-bind=MASK - n2cn0747, task 190 62 [283667]: mask 0x|--------|--------||--------|--------||--------|--------||--------|------B-||||--------|--------||--------|--------||--------|--------||--------|--------| set
cpu-bind=MASK - n2cn0290, task 59 59 [246362]: mask 0x|--------|--------||--------|--------||--------|--------||--------|---B----||||--------|--------||--------|--------||--------|--------||--------|--------| set
cpu-bind=MASK - n2cn0747, task 191 63 [283668]: mask 0x|--------|--------||--------|--------||--------|--------||--------|-------B||||--------|--------||--------|--------||--------|--------||--------|--------| set
cpu-bind=MASK - n2cn0290, task 60 60 [246363]: mask 0x|--------|--------||--------|--------||--------|--------||--------|----B---||||--------|--------||--------|--------||--------|--------||--------|--------| set
cpu-bind=MASK - n2cn0747, task 192 64 [283669]: mask 0x|--------|--------||--------|--------||--------|--------||--------|--------||||B-------|--------||--------|--------||--------|--------||--------|--------| set
cpu-bind=MASK - n2cn0290, task 61 61 [246364]: mask 0x|--------|--------||--------|--------||--------|--------||--------|-----B--||||--------|--------||--------|--------||--------|--------||--------|--------| set
cpu-bind=MASK - n2cn0747, task 193 65 [283670]: mask 0x|--------|--------||--------|--------||--------|--------||--------|--------||||-B------|--------||--------|--------||--------|--------||--------|--------| set
cpu-bind=MASK - n2cn0290, task 62 62 [246365]: mask 0x|--------|--------||--------|--------||--------|--------||--------|------B-||||--------|--------||--------|--------||--------|--------||--------|--------| set
cpu-bind=MASK - n2cn0747, task 194 66 [283671]: mask 0x|--------|--------||--------|--------||--------|--------||--------|--------||||--B-----|--------||--------|--------||--------|--------||--------|--------| set
cpu-bind=MASK - n2cn0290, task 63 63 [246366]: mask 0x|--------|--------||--------|--------||--------|--------||--------|-------B||||--------|--------||--------|--------||--------|--------||--------|--------| set
cpu-bind=MASK - n2cn0747, task 195 67 [283672]: mask 0x|--------|--------||--------|--------||--------|--------||--------|--------||||---B----|--------||--------|--------||--------|--------||--------|--------| set
cpu-bind=MASK - n2cn0290, task 64 64 [246367]: mask 0x|--------|--------||--------|--------||--------|--------||--------|--------||||B-------|--------||--------|--------||--------|--------||--------|--------| set
cpu-bind=MASK - n2cn0747, task 196 68 [283673]: mask 0x|--------|--------||--------|--------||--------|--------||--------|--------||||----B---|--------||--------|--------||--------|--------||--------|--------| set
cpu-bind=MASK - n2cn0290, task 65 65 [246368]: mask 0x|--------|--------||--------|--------||--------|--------||--------|--------||||-B------|--------||--------|--------||--------|--------||--------|--------| set
cpu-bind=MASK - n2cn0747, task 197 69 [283674]: mask 0x|--------|--------||--------|--------||--------|--------||--------|--------||||-----B--|--------||--------|--------||--------|--------||--------|--------| set
cpu-bind=MASK - n2cn0290, task 66 66 [246369]: mask 0x|--------|--------||--------|--------||--------|--------||--------|--------||||--B-----|--------||--------|--------||--------|--------||--------|--------| set
cpu-bind=MASK - n2cn0747, task 198 70 [283675]: mask 0x|--------|--------||--------|--------||--------|--------||--------|--------||||------B-|--------||--------|--------||--------|--------||--------|--------| set
cpu-bind=MASK - n2cn0290, task 67 67 [246370]: mask 0x|--------|--------||--------|--------||--------|--------||--------|--------||||---B----|--------||--------|--------||--------|--------||--------|--------| set
cpu-bind=MASK - n2cn0747, task 199 71 [283676]: mask 0x|--------|--------||--------|--------||--------|--------||--------|--------||||-------B|--------||--------|--------||--------|--------||--------|--------| set
cpu-bind=MASK - n2cn0290, task 68 68 [246371]: mask 0x|--------|--------||--------|--------||--------|--------||--------|--------||||----B---|--------||--------|--------||--------|--------||--------|--------| set
cpu-bind=MASK - n2cn0747, task 200 72 [283677]: mask 0x|--------|--------||--------|--------||--------|--------||--------|--------||||--------|B-------||--------|--------||--------|--------||--------|--------| set
cpu-bind=MASK - n2cn0290, task 69 69 [246372]: mask 0x|--------|--------||--------|--------||--------|--------||--------|--------||||-----B--|--------||--------|--------||--------|--------||--------|--------| set
cpu-bind=MASK - n2cn0747, task 201 73 [283678]: mask 0x|--------|--------||--------|--------||--------|--------||--------|--------||||--------|-B------||--------|--------||--------|--------||--------|--------| set
cpu-bind=MASK - n2cn0290, task 70 70 [246373]: mask 0x|--------|--------||--------|--------||--------|--------||--------|--------||||------B-|--------||--------|--------||--------|--------||--------|--------| set
cpu-bind=MASK - n2cn0747, task 202 74 [283679]: mask 0x|--------|--------||--------|--------||--------|--------||--------|--------||||--------|--B-----||--------|--------||--------|--------||--------|--------| set
cpu-bind=MASK - n2cn0290, task 71 71 [246374]: mask 0x|--------|--------||--------|--------||--------|--------||--------|--------||||-------B|--------||--------|--------||--------|--------||--------|--------| set
cpu-bind=MASK - n2cn0747, task 203 75 [283680]: mask 0x|--------|--------||--------|--------||--------|--------||--------|--------||||--------|---B----||--------|--------||--------|--------||--------|--------| set
cpu-bind=MASK - n2cn0290, task 72 72 [246375]: mask 0x|--------|--------||--------|--------||--------|--------||--------|--------||||--------|B-------||--------|--------||--------|--------||--------|--------| set
cpu-bind=MASK - n2cn0747, task 204 76 [283681]: mask 0x|--------|--------||--------|--------||--------|--------||--------|--------||||--------|----B---||--------|--------||--------|--------||--------|--------| set
cpu-bind=MASK - n2cn0290, task 73 73 [246376]: mask 0x|--------|--------||--------|--------||--------|--------||--------|--------||||--------|-B------||--------|--------||--------|--------||--------|--------| set
cpu-bind=MASK - n2cn0747, task 205 77 [283682]: mask 0x|--------|--------||--------|--------||--------|--------||--------|--------||||--------|-----B--||--------|--------||--------|--------||--------|--------| set
cpu-bind=MASK - n2cn0290, task 74 74 [246377]: mask 0x|--------|--------||--------|--------||--------|--------||--------|--------||||--------|--B-----||--------|--------||--------|--------||--------|--------| set
cpu-bind=MASK - n2cn0747, task 206 78 [283683]: mask 0x|--------|--------||--------|--------||--------|--------||--------|--------||||--------|------B-||--------|--------||--------|--------||--------|--------| set
cpu-bind=MASK - n2cn0290, task 75 75 [246378]: mask 0x|--------|--------||--------|--------||--------|--------||--------|--------||||--------|---B----||--------|--------||--------|--------||--------|--------| set
cpu-bind=MASK - n2cn0747, task 207 79 [283684]: mask 0x|--------|--------||--------|--------||--------|--------||--------|--------||||--------|-------B||--------|--------||--------|--------||--------|--------| set
cpu-bind=MASK - n2cn0290, task 76 76 [246379]: mask 0x|--------|--------||--------|--------||--------|--------||--------|--------||||--------|----B---||--------|--------||--------|--------||--------|--------| set
cpu-bind=MASK - n2cn0747, task 208 80 [283685]: mask 0x|--------|--------||--------|--------||--------|--------||--------|--------||||--------|--------||B-------|--------||--------|--------||--------|--------| set
cpu-bind=MASK - n2cn0290, task 77 77 [246380]: mask 0x|--------|--------||--------|--------||--------|--------||--------|--------||||--------|-----B--||--------|--------||--------|--------||--------|--------| set
cpu-bind=MASK - n2cn0747, task 209 81 [283686]: mask 0x|--------|--------||--------|--------||--------|--------||--------|--------||||--------|--------||-B------|--------||--------|--------||--------|--------| set
cpu-bind=MASK - n2cn0290, task 78 78 [246381]: mask 0x|--------|--------||--------|--------||--------|--------||--------|--------||||--------|------B-||--------|--------||--------|--------||--------|--------| set
cpu-bind=MASK - n2cn0747, task 210 82 [283687]: mask 0x|--------|--------||--------|--------||--------|--------||--------|--------||||--------|--------||--B-----|--------||--------|--------||--------|--------| set
cpu-bind=MASK - n2cn0290, task 79 79 [246382]: mask 0x|--------|--------||--------|--------||--------|--------||--------|--------||||--------|-------B||--------|--------||--------|--------||--------|--------| set
cpu-bind=MASK - n2cn0747, task 211 83 [283688]: mask 0x|--------|--------||--------|--------||--------|--------||--------|--------||||--------|--------||---B----|--------||--------|--------||--------|--------| set
cpu-bind=MASK - n2cn0290, task 80 80 [246383]: mask 0x|--------|--------||--------|--------||--------|--------||--------|--------||||--------|--------||B-------|--------||--------|--------||--------|--------| set
cpu-bind=MASK - n2cn0747, task 212 84 [283689]: mask 0x|--------|--------||--------|--------||--------|--------||--------|--------||||--------|--------||----B---|--------||--------|--------||--------|--------| set
cpu-bind=MASK - n2cn0290, task 81 81 [246384]: mask 0x|--------|--------||--------|--------||--------|--------||--------|--------||||--------|--------||-B------|--------||--------|--------||--------|--------| set
cpu-bind=MASK - n2cn0747, task 213 85 [283690]: mask 0x|--------|--------||--------|--------||--------|--------||--------|--------||||--------|--------||-----B--|--------||--------|--------||--------|--------| set
cpu-bind=MASK - n2cn0290, task 82 82 [246385]: mask 0x|--------|--------||--------|--------||--------|--------||--------|--------||||--------|--------||--B-----|--------||--------|--------||--------|--------| set
cpu-bind=MASK - n2cn0747, task 214 86 [283691]: mask 0x|--------|--------||--------|--------||--------|--------||--------|--------||||--------|--------||------B-|--------||--------|--------||--------|--------| set
cpu-bind=MASK - n2cn0290, task 83 83 [246386]: mask 0x|--------|--------||--------|--------||--------|--------||--------|--------||||--------|--------||---B----|--------||--------|--------||--------|--------| set
cpu-bind=MASK - n2cn0747, task 215 87 [283692]: mask 0x|--------|--------||--------|--------||--------|--------||--------|--------||||--------|--------||-------B|--------||--------|--------||--------|--------| set
cpu-bind=MASK - n2cn0290, task 84 84 [246387]: mask 0x|--------|--------||--------|--------||--------|--------||--------|--------||||--------|--------||----B---|--------||--------|--------||--------|--------| set
cpu-bind=MASK - n2cn0747, task 216 88 [283693]: mask 0x|--------|--------||--------|--------||--------|--------||--------|--------||||--------|--------||--------|B-------||--------|--------||--------|--------| set
cpu-bind=MASK - n2cn0290, task 85 85 [246388]: mask 0x|--------|--------||--------|--------||--------|--------||--------|--------||||--------|--------||-----B--|--------||--------|--------||--------|--------| set
cpu-bind=MASK - n2cn0747, task 217 89 [283694]: mask 0x|--------|--------||--------|--------||--------|--------||--------|--------||||--------|--------||--------|-B------||--------|--------||--------|--------| set
cpu-bind=MASK - n2cn0290, task 86 86 [246389]: mask 0x|--------|--------||--------|--------||--------|--------||--------|--------||||--------|--------||------B-|--------||--------|--------||--------|--------| set
cpu-bind=MASK - n2cn0290, task 87 87 [246390]: mask 0x|--------|--------||--------|--------||--------|--------||--------|--------||||--------|--------||-------B|--------||--------|--------||--------|--------| set
cpu-bind=MASK - n2cn0747, task 218 90 [283695]: mask 0x|--------|--------||--------|--------||--------|--------||--------|--------||||--------|--------||--------|--B-----||--------|--------||--------|--------| set
cpu-bind=MASK - n2cn0290, task 88 88 [246391]: mask 0x|--------|--------||--------|--------||--------|--------||--------|--------||||--------|--------||--------|B-------||--------|--------||--------|--------| set
cpu-bind=MASK - n2cn0747, task 219 91 [283696]: mask 0x|--------|--------||--------|--------||--------|--------||--------|--------||||--------|--------||--------|---B----||--------|--------||--------|--------| set
cpu-bind=MASK - n2cn0290, task 89 89 [246392]: mask 0x|--------|--------||--------|--------||--------|--------||--------|--------||||--------|--------||--------|-B------||--------|--------||--------|--------| set
cpu-bind=MASK - n2cn0747, task 220 92 [283697]: mask 0x|--------|--------||--------|--------||--------|--------||--------|--------||||--------|--------||--------|----B---||--------|--------||--------|--------| set
cpu-bind=MASK - n2cn0290, task 90 90 [246393]: mask 0x|--------|--------||--------|--------||--------|--------||--------|--------||||--------|--------||--------|--B-----||--------|--------||--------|--------| set
cpu-bind=MASK - n2cn0747, task 221 93 [283698]: mask 0x|--------|--------||--------|--------||--------|--------||--------|--------||||--------|--------||--------|-----B--||--------|--------||--------|--------| set
cpu-bind=MASK - n2cn0290, task 91 91 [246394]: mask 0x|--------|--------||--------|--------||--------|--------||--------|--------||||--------|--------||--------|---B----||--------|--------||--------|--------| set
cpu-bind=MASK - n2cn0747, task 222 94 [283699]: mask 0x|--------|--------||--------|--------||--------|--------||--------|--------||||--------|--------||--------|------B-||--------|--------||--------|--------| set
cpu-bind=MASK - n2cn0290, task 92 92 [246395]: mask 0x|--------|--------||--------|--------||--------|--------||--------|--------||||--------|--------||--------|----B---||--------|--------||--------|--------| set
cpu-bind=MASK - n2cn0747, task 223 95 [283700]: mask 0x|--------|--------||--------|--------||--------|--------||--------|--------||||--------|--------||--------|-------B||--------|--------||--------|--------| set
cpu-bind=MASK - n2cn0290, task 93 93 [246396]: mask 0x|--------|--------||--------|--------||--------|--------||--------|--------||||--------|--------||--------|-----B--||--------|--------||--------|--------| set
cpu-bind=MASK - n2cn0747, task 224 96 [283701]: mask 0x|--------|--------||--------|--------||--------|--------||--------|--------||||--------|--------||--------|--------||B-------|--------||--------|--------| set
cpu-bind=MASK - n2cn0290, task 94 94 [246397]: mask 0x|--------|--------||--------|--------||--------|--------||--------|--------||||--------|--------||--------|------B-||--------|--------||--------|--------| set
cpu-bind=MASK - n2cn0747, task 225 97 [283702]: mask 0x|--------|--------||--------|--------||--------|--------||--------|--------||||--------|--------||--------|--------||-B------|--------||--------|--------| set
cpu-bind=MASK - n2cn0290, task 95 95 [246398]: mask 0x|--------|--------||--------|--------||--------|--------||--------|--------||||--------|--------||--------|-------B||--------|--------||--------|--------| set
cpu-bind=MASK - n2cn0747, task 226 98 [283703]: mask 0x|--------|--------||--------|--------||--------|--------||--------|--------||||--------|--------||--------|--------||--B-----|--------||--------|--------| set
cpu-bind=MASK - n2cn0290, task 96 96 [246399]: mask 0x|--------|--------||--------|--------||--------|--------||--------|--------||||--------|--------||--------|--------||B-------|--------||--------|--------| set
cpu-bind=MASK - n2cn0747, task 227 99 [283704]: mask 0x|--------|--------||--------|--------||--------|--------||--------|--------||||--------|--------||--------|--------||---B----|--------||--------|--------| set
cpu-bind=MASK - n2cn0290, task 97 97 [246400]: mask 0x|--------|--------||--------|--------||--------|--------||--------|--------||||--------|--------||--------|--------||-B------|--------||--------|--------| set
cpu-bind=MASK - n2cn0747, task 228 100 [283705]: mask 0x|--------|--------||--------|--------||--------|--------||--------|--------||||--------|--------||--------|--------||----B---|--------||--------|--------| set
cpu-bind=MASK - n2cn0290, task 98 98 [246401]: mask 0x|--------|--------||--------|--------||--------|--------||--------|--------||||--------|--------||--------|--------||--B-----|--------||--------|--------| set
cpu-bind=MASK - n2cn0290, task 99 99 [246402]: mask 0x|--------|--------||--------|--------||--------|--------||--------|--------||||--------|--------||--------|--------||---B----|--------||--------|--------| set
cpu-bind=MASK - n2cn0747, task 229 101 [283706]: mask 0x|--------|--------||--------|--------||--------|--------||--------|--------||||--------|--------||--------|--------||-----B--|--------||--------|--------| set
cpu-bind=MASK - n2cn0290, task 100 100 [246403]: mask 0x|--------|--------||--------|--------||--------|--------||--------|--------||||--------|--------||--------|--------||----B---|--------||--------|--------| set
cpu-bind=MASK - n2cn0747, task 230 102 [283707]: mask 0x|--------|--------||--------|--------||--------|--------||--------|--------||||--------|--------||--------|--------||------B-|--------||--------|--------| set
cpu-bind=MASK - n2cn0290, task 101 101 [246404]: mask 0x|--------|--------||--------|--------||--------|--------||--------|--------||||--------|--------||--------|--------||-----B--|--------||--------|--------| set
cpu-bind=MASK - n2cn0747, task 231 103 [283708]: mask 0x|--------|--------||--------|--------||--------|--------||--------|--------||||--------|--------||--------|--------||-------B|--------||--------|--------| set
cpu-bind=MASK - n2cn0290, task 102 102 [246405]: mask 0x|--------|--------||--------|--------||--------|--------||--------|--------||||--------|--------||--------|--------||------B-|--------||--------|--------| set
cpu-bind=MASK - n2cn0747, task 232 104 [283709]: mask 0x|--------|--------||--------|--------||--------|--------||--------|--------||||--------|--------||--------|--------||--------|B-------||--------|--------| set
cpu-bind=MASK - n2cn0290, task 103 103 [246406]: mask 0x|--------|--------||--------|--------||--------|--------||--------|--------||||--------|--------||--------|--------||-------B|--------||--------|--------| set
cpu-bind=MASK - n2cn0747, task 233 105 [283710]: mask 0x|--------|--------||--------|--------||--------|--------||--------|--------||||--------|--------||--------|--------||--------|-B------||--------|--------| set
cpu-bind=MASK - n2cn0290, task 104 104 [246407]: mask 0x|--------|--------||--------|--------||--------|--------||--------|--------||||--------|--------||--------|--------||--------|B-------||--------|--------| set
cpu-bind=MASK - n2cn0747, task 234 106 [283711]: mask 0x|--------|--------||--------|--------||--------|--------||--------|--------||||--------|--------||--------|--------||--------|--B-----||--------|--------| set
cpu-bind=MASK - n2cn0290, task 105 105 [246408]: mask 0x|--------|--------||--------|--------||--------|--------||--------|--------||||--------|--------||--------|--------||--------|-B------||--------|--------| set
cpu-bind=MASK - n2cn0747, task 235 107 [283712]: mask 0x|--------|--------||--------|--------||--------|--------||--------|--------||||--------|--------||--------|--------||--------|---B----||--------|--------| set
cpu-bind=MASK - n2cn0290, task 106 106 [246409]: mask 0x|--------|--------||--------|--------||--------|--------||--------|--------||||--------|--------||--------|--------||--------|--B-----||--------|--------| set
cpu-bind=MASK - n2cn0747, task 236 108 [283713]: mask 0x|--------|--------||--------|--------||--------|--------||--------|--------||||--------|--------||--------|--------||--------|----B---||--------|--------| set
cpu-bind=MASK - n2cn0290, task 107 107 [246410]: mask 0x|--------|--------||--------|--------||--------|--------||--------|--------||||--------|--------||--------|--------||--------|---B----||--------|--------| set
cpu-bind=MASK - n2cn0747, task 237 109 [283714]: mask 0x|--------|--------||--------|--------||--------|--------||--------|--------||||--------|--------||--------|--------||--------|-----B--||--------|--------| set
cpu-bind=MASK - n2cn0290, task 108 108 [246411]: mask 0x|--------|--------||--------|--------||--------|--------||--------|--------||||--------|--------||--------|--------||--------|----B---||--------|--------| set
cpu-bind=MASK - n2cn0747, task 238 110 [283715]: mask 0x|--------|--------||--------|--------||--------|--------||--------|--------||||--------|--------||--------|--------||--------|------B-||--------|--------| set
cpu-bind=MASK - n2cn0290, task 109 109 [246412]: mask 0x|--------|--------||--------|--------||--------|--------||--------|--------||||--------|--------||--------|--------||--------|-----B--||--------|--------| set
cpu-bind=MASK - n2cn0747, task 239 111 [283716]: mask 0x|--------|--------||--------|--------||--------|--------||--------|--------||||--------|--------||--------|--------||--------|-------B||--------|--------| set
cpu-bind=MASK - n2cn0290, task 110 110 [246413]: mask 0x|--------|--------||--------|--------||--------|--------||--------|--------||||--------|--------||--------|--------||--------|------B-||--------|--------| set
cpu-bind=MASK - n2cn0747, task 240 112 [283717]: mask 0x|--------|--------||--------|--------||--------|--------||--------|--------||||--------|--------||--------|--------||--------|--------||B-------|--------| set
cpu-bind=MASK - n2cn0290, task 111 111 [246414]: mask 0x|--------|--------||--------|--------||--------|--------||--------|--------||||--------|--------||--------|--------||--------|-------B||--------|--------| set
cpu-bind=MASK - n2cn0747, task 241 113 [283718]: mask 0x|--------|--------||--------|--------||--------|--------||--------|--------||||--------|--------||--------|--------||--------|--------||-B------|--------| set
cpu-bind=MASK - n2cn0290, task 112 112 [246415]: mask 0x|--------|--------||--------|--------||--------|--------||--------|--------||||--------|--------||--------|--------||--------|--------||B-------|--------| set
cpu-bind=MASK - n2cn0290, task 113 113 [246416]: mask 0x|--------|--------||--------|--------||--------|--------||--------|--------||||--------|--------||--------|--------||--------|--------||-B------|--------| set
cpu-bind=MASK - n2cn0747, task 242 114 [283719]: mask 0x|--------|--------||--------|--------||--------|--------||--------|--------||||--------|--------||--------|--------||--------|--------||--B-----|--------| set
cpu-bind=MASK - n2cn0290, task 114 114 [246417]: mask 0x|--------|--------||--------|--------||--------|--------||--------|--------||||--------|--------||--------|--------||--------|--------||--B-----|--------| set
cpu-bind=MASK - n2cn0747, task 243 115 [283720]: mask 0x|--------|--------||--------|--------||--------|--------||--------|--------||||--------|--------||--------|--------||--------|--------||---B----|--------| set
cpu-bind=MASK - n2cn0290, task 115 115 [246418]: mask 0x|--------|--------||--------|--------||--------|--------||--------|--------||||--------|--------||--------|--------||--------|--------||---B----|--------| set
cpu-bind=MASK - n2cn0747, task 244 116 [283721]: mask 0x|--------|--------||--------|--------||--------|--------||--------|--------||||--------|--------||--------|--------||--------|--------||----B---|--------| set
cpu-bind=MASK - n2cn0290, task 116 116 [246419]: mask 0x|--------|--------||--------|--------||--------|--------||--------|--------||||--------|--------||--------|--------||--------|--------||----B---|--------| set
cpu-bind=MASK - n2cn0747, task 245 117 [283722]: mask 0x|--------|--------||--------|--------||--------|--------||--------|--------||||--------|--------||--------|--------||--------|--------||-----B--|--------| set
cpu-bind=MASK - n2cn0290, task 117 117 [246420]: mask 0x|--------|--------||--------|--------||--------|--------||--------|--------||||--------|--------||--------|--------||--------|--------||-----B--|--------| set
cpu-bind=MASK - n2cn0747, task 246 118 [283723]: mask 0x|--------|--------||--------|--------||--------|--------||--------|--------||||--------|--------||--------|--------||--------|--------||------B-|--------| set
cpu-bind=MASK - n2cn0747, task 247 119 [283724]: mask 0x|--------|--------||--------|--------||--------|--------||--------|--------||||--------|--------||--------|--------||--------|--------||-------B|--------| set
cpu-bind=MASK - n2cn0290, task 118 118 [246421]: mask 0x|--------|--------||--------|--------||--------|--------||--------|--------||||--------|--------||--------|--------||--------|--------||------B-|--------| set
cpu-bind=MASK - n2cn0290, task 119 119 [246422]: mask 0x|--------|--------||--------|--------||--------|--------||--------|--------||||--------|--------||--------|--------||--------|--------||-------B|--------| set
cpu-bind=MASK - n2cn0747, task 248 120 [283725]: mask 0x|--------|--------||--------|--------||--------|--------||--------|--------||||--------|--------||--------|--------||--------|--------||--------|B-------| set
cpu-bind=MASK - n2cn0290, task 120 120 [246423]: mask 0x|--------|--------||--------|--------||--------|--------||--------|--------||||--------|--------||--------|--------||--------|--------||--------|B-------| set
cpu-bind=MASK - n2cn0747, task 249 121 [283726]: mask 0x|--------|--------||--------|--------||--------|--------||--------|--------||||--------|--------||--------|--------||--------|--------||--------|-B------| set
cpu-bind=MASK - n2cn0290, task 121 121 [246424]: mask 0x|--------|--------||--------|--------||--------|--------||--------|--------||||--------|--------||--------|--------||--------|--------||--------|-B------| set
cpu-bind=MASK - n2cn0747, task 250 122 [283727]: mask 0x|--------|--------||--------|--------||--------|--------||--------|--------||||--------|--------||--------|--------||--------|--------||--------|--B-----| set
cpu-bind=MASK - n2cn0290, task 122 122 [246425]: mask 0x|--------|--------||--------|--------||--------|--------||--------|--------||||--------|--------||--------|--------||--------|--------||--------|--B-----| set
cpu-bind=MASK - n2cn0747, task 251 123 [283728]: mask 0x|--------|--------||--------|--------||--------|--------||--------|--------||||--------|--------||--------|--------||--------|--------||--------|---B----| set
cpu-bind=MASK - n2cn0290, task 123 123 [246426]: mask 0x|--------|--------||--------|--------||--------|--------||--------|--------||||--------|--------||--------|--------||--------|--------||--------|---B----| set
cpu-bind=MASK - n2cn0747, task 252 124 [283729]: mask 0x|--------|--------||--------|--------||--------|--------||--------|--------||||--------|--------||--------|--------||--------|--------||--------|----B---| set
cpu-bind=MASK - n2cn0290, task 124 124 [246427]: mask 0x|--------|--------||--------|--------||--------|--------||--------|--------||||--------|--------||--------|--------||--------|--------||--------|----B---| set
cpu-bind=MASK - n2cn0747, task 253 125 [283730]: mask 0x|--------|--------||--------|--------||--------|--------||--------|--------||||--------|--------||--------|--------||--------|--------||--------|-----B--| set
cpu-bind=MASK - n2cn0290, task 125 125 [246428]: mask 0x|--------|--------||--------|--------||--------|--------||--------|--------||||--------|--------||--------|--------||--------|--------||--------|-----B--| set
cpu-bind=MASK - n2cn0747, task 254 126 [283731]: mask 0x|--------|--------||--------|--------||--------|--------||--------|--------||||--------|--------||--------|--------||--------|--------||--------|------B-| set
cpu-bind=MASK - n2cn0290, task 126 126 [246429]: mask 0x|--------|--------||--------|--------||--------|--------||--------|--------||||--------|--------||--------|--------||--------|--------||--------|------B-| set
cpu-bind=MASK - n2cn0747, task 255 127 [283732]: mask 0x|--------|--------||--------|--------||--------|--------||--------|--------||||--------|--------||--------|--------||--------|--------||--------|-------B| set
cpu-bind=MASK - n2cn0290, task 127 127 [246430]: mask 0x|--------|--------||--------|--------||--------|--------||--------|--------||||--------|--------||--------|--------||--------|--------||--------|-------B| set
Creating ParaFaFT...
Creating ParaFaFT...
Creating ParaFaFT...
Creating ParaFaFT...
Creating ParaFaFT...
Creating ParaFaFT...
Creating ParaFaFT...
Creating ParaFaFT...
Creating ParaFaFT...
Creating ParaFaFT...
Creating ParaFaFT...
Creating ParaFaFT...
Creating ParaFaFT...
Creating ParaFaFT...
Creating ParaFaFT...
Creating ParaFaFT...
Creating ParaFaFT...
Creating ParaFaFT...
Creating ParaFaFT...
Creating ParaFaFT...
Creating ParaFaFT...
Creating ParaFaFT...
Creating ParaFaFT...
Creating ParaFaFT...
Creating ParaFaFT...
Creating ParaFaFT...
Creating ParaFaFT...
Creating ParaFaFT...
Creating ParaFaFT...
Creating ParaFaFT...
Creating ParaFaFT...
Creating ParaFaFT...
Creating ParaFaFT...
Creating ParaFaFT...
Creating ParaFaFT...
Creating ParaFaFT...
Creating ParaFaFT...
Creating ParaFaFT...
Creating ParaFaFT...
Creating ParaFaFT...
Creating ParaFaFT...
Creating ParaFaFT...
Creating ParaFaFT...
Creating ParaFaFT...
Creating ParaFaFT...
Creating ParaFaFT...
Creating ParaFaFT...
Creating ParaFaFT...
Creating ParaFaFT...
Creating ParaFaFT...
Creating ParaFaFT...
Creating ParaFaFT...
Creating ParaFaFT...
Creating ParaFaFT...
Creating ParaFaFT...
Creating ParaFaFT...
Creating ParaFaFT...
Creating ParaFaFT...
Creating ParaFaFT...
Creating ParaFaFT...
Creating ParaFaFT...
Creating ParaFaFT...
Creating ParaFaFT...
Creating ParaFaFT...
Creating ParaFaFT...
Creating ParaFaFT...
Creating ParaFaFT...
Creating ParaFaFT...
Creating ParaFaFT...
Creating ParaFaFT...
Creating ParaFaFT...
Creating ParaFaFT...
Creating ParaFaFT...
Creating ParaFaFT...
Creating ParaFaFT...
Creating ParaFaFT...
Creating ParaFaFT...
Creating ParaFaFT...
Creating ParaFaFT...
Creating ParaFaFT...
Creating ParaFaFT...
Creating ParaFaFT...
Creating ParaFaFT...
Creating ParaFaFT...
Creating ParaFaFT...
Creating ParaFaFT...
Creating ParaFaFT...
Creating ParaFaFT...
Creating ParaFaFT...
Creating ParaFaFT...
Creating ParaFaFT...
Creating ParaFaFT...
Creating ParaFaFT...
Creating ParaFaFT...
Creating ParaFaFT...
Creating ParaFaFT...
Creating ParaFaFT...
Creating ParaFaFT...
Creating ParaFaFT...
Creating ParaFaFT...
Creating ParaFaFT...
Creating ParaFaFT...
Creating ParaFaFT...
Creating ParaFaFT...
Creating ParaFaFT...
Creating ParaFaFT...
Creating ParaFaFT...
Creating ParaFaFT...
Creating ParaFaFT...
Creating ParaFaFT...
Creating ParaFaFT...
Creating ParaFaFT...
Creating ParaFaFT...
Creating ParaFaFT...
Creating ParaFaFT...
Creating ParaFaFT...
Creating ParaFaFT...
Creating ParaFaFT...
Creating ParaFaFT...
Creating ParaFaFT...
Creating ParaFaFT...
Creating ParaFaFT...
Creating ParaFaFT...
Creating ParaFaFT...
Creating ParaFaFT...
Creating ParaFaFT...
Creating ParaFaFT...
Creating ParaFaFT...
Creating ParaFaFT...
Creating ParaFaFT...
Creating ParaFaFT...
Creating ParaFaFT...
Creating ParaFaFT...
Creating ParaFaFT...
Creating ParaFaFT...
Creating ParaFaFT...
Creating ParaFaFT...
Creating ParaFaFT...
Creating ParaFaFT...
Creating ParaFaFT...
Creating ParaFaFT...
Creating ParaFaFT...
Creating ParaFaFT...
Creating ParaFaFT...
Creating ParaFaFT...
Creating ParaFaFT...
Creating ParaFaFT...
Creating ParaFaFT...
Creating ParaFaFT...
Creating ParaFaFT...
Creating ParaFaFT...
Creating ParaFaFT...
Creating ParaFaFT...
Creating ParaFaFT...
Creating ParaFaFT...
Creating ParaFaFT...
Creating ParaFaFT...
Creating ParaFaFT...
Creating ParaFaFT...
Creating ParaFaFT...
Creating ParaFaFT...
Creating ParaFaFT...
Creating ParaFaFT...
Creating ParaFaFT...
Creating ParaFaFT...
Creating ParaFaFT...
Creating ParaFaFT...
Creating ParaFaFT...
Creating ParaFaFT...
Creating ParaFaFT...
Creating ParaFaFT...
Creating ParaFaFT...
Creating ParaFaFT...
Creating ParaFaFT...
Creating ParaFaFT...
Creating ParaFaFT...
Creating ParaFaFT...
Creating ParaFaFT...
Creating ParaFaFT...
Creating ParaFaFT...
Creating ParaFaFT...
Creating ParaFaFT...
Creating ParaFaFT...
Creating ParaFaFT...
Creating ParaFaFT...
Creating ParaFaFT...
Creating ParaFaFT...
Creating ParaFaFT...
Creating ParaFaFT...
Creating ParaFaFT...
Creating ParaFaFT...
Creating ParaFaFT...
Creating ParaFaFT...
Creating ParaFaFT...
Creating ParaFaFT...
Creating ParaFaFT...
Creating ParaFaFT...
Creating ParaFaFT...
Creating ParaFaFT...
Creating ParaFaFT...
Creating ParaFaFT...
Creating ParaFaFT...
Creating ParaFaFT...
Creating ParaFaFT...
Creating ParaFaFT...
Creating ParaFaFT...
Creating ParaFaFT...
Creating ParaFaFT...
Creating ParaFaFT...
Creating ParaFaFT...
Creating ParaFaFT...
Creating ParaFaFT...
Creating ParaFaFT...
Creating ParaFaFT...
Creating ParaFaFT...
Creating ParaFaFT...
Creating ParaFaFT...
Creating ParaFaFT...
Creating ParaFaFT...
Creating ParaFaFT...
Creating ParaFaFT...
Creating ParaFaFT...
Creating ParaFaFT...
Creating ParaFaFT...
Creating ParaFaFT...
Creating ParaFaFT...
Creating ParaFaFT...
Creating ParaFaFT...
Creating ParaFaFT...
Creating ParaFaFT...
Creating ParaFaFT...

==========================================
Benchmark: ParaFaFT R2C 3D, N=1536, MPI procs=256, FFTW threads=1, iterations=50
Creating ParaFaFT...
Creating ParaFaFT...
Creating ParaFaFT...
Creating ParaFaFT...
Creating ParaFaFT...
Creating ParaFaFT...
Creating ParaFaFT...
Creating ParaFaFT...
Creating ParaFaFT...
Creating ParaFaFT...
Creating ParaFaFT...
Creating ParaFaFT...
Creating ParaFaFT...
Creating ParaFaFT...
Creating ParaFaFT...
Creating ParaFaFT...
Creating ParaFaFT...
Creating ParaFaFT...
Creating ParaFaFT...
Creating ParaFaFT...
Creating ParaFaFT...
Creating ParaFaFT...
Creating ParaFaFT...
Creating ParaFaFT...
Creating ParaFaFT...
Filling data...
Filling data...
Filling data...
Filling data...
Filling data...
Filling data...
Filling data...
Filling data...
Filling data...
Filling data...
Filling data...
Filling data...
Filling data...
Filling data...
Filling data...
Filling data...
Filling data...
Filling data...
Filling data...
Filling data...
Filling data...
Filling data...
Filling data...
Filling data...
Filling data...
Filling data...
Filling data...
Filling data...
Filling data...
Filling data...
Filling data...
Filling data...
Filling data...
Filling data...
Filling data...
Filling data...
Filling data...
Filling data...
Filling data...
Filling data...
Filling data...
Filling data...
Filling data...
Filling data...
Filling data...
Filling data...
Filling data...
Filling data...
Filling data...
Filling data...
Filling data...
Filling data...
Filling data...
Filling data...
Filling data...
Filling data...
Filling data...
Filling data...
Filling data...
Filling data...
Filling data...
Filling data...
Filling data...
Filling data...
Filling data...
Filling data...
Filling data...
Filling data...
Filling data...
Filling data...
Filling data...
Filling data...
Filling data...
Filling data...
Filling data...
Filling data...
Filling data...
Filling data...
Filling data...
Filling data...
Filling data...
Filling data...
Filling data...
Filling data...
Filling data...
Filling data...
Filling data...
Filling data...
Filling data...
Filling data...
Filling data...
Filling data...
Filling data...
Filling data...
Filling data...
Filling data...
Filling data...
Filling data...
Filling data...
Filling data...
Filling data...
Filling data...
Filling data...
Filling data...
Filling data...
Filling data...
Filling data...
Filling data...
Filling data...
Filling data...
Filling data...
Filling data...
Filling data...
Filling data...
Filling data...
Filling data...
Filling data...
Filling data...
Filling data...
Filling data...
Filling data...
Filling data...
Filling data...
Filling data...
Filling data...
Filling data...
Filling data...
Filling data...
Filling data...
Filling data...
Filling data...
Filling data...
Filling data...
Filling data...
Filling data...
Filling data...
Filling data...
Filling data...
Filling data...
Filling data...
Filling data...
Filling data...
Filling data...
Filling data...
Filling data...
Filling data...
Filling data...
Filling data...
Filling data...
Filling data...
Filling data...
Filling data...
Filling data...
Filling data...
Filling data...
Filling data...
Filling data...
Filling data...
Filling data...
Filling data...
Filling data...
Filling data...
Filling data...
Filling data...
Filling data...
Filling data...
Filling data...
Filling data...
Filling data...
Filling data...
Filling data...
Filling data...
Filling data...
Filling data...
Filling data...
Filling data...
Filling data...
Filling data...
Filling data...
Filling data...
Filling data...
Filling data...
Filling data...
Filling data...
Filling data...
Filling data...
Filling data...
Filling data...
Filling data...
Filling data...
Filling data...
Filling data...
Filling data...
Filling data...
Filling data...
Filling data...
Filling data...
Filling data...
Filling data...
Filling data...
Filling data...
Filling data...
Filling data...
Filling data...
Filling data...
Filling data...
Filling data...
Filling data...
Filling data...
Filling data...
Filling data...
Filling data...
Filling data...
Filling data...
Filling data...
Filling data...
Filling data...
Filling data...
Filling data...
Filling data...
Filling data...
Filling data...
Filling data...
Filling data...
Filling data...
Filling data...
Filling data...
Filling data...
Filling data...
Filling data...
Filling data...
Filling data...
Filling data...
Filling data...
Filling data...
Filling data...
Filling data...
Filling data...
Filling data...
Filling data...
Filling data...
Filling data...
Filling data...
Filling data...
Filling data...
Filling data...
Filling data...
Filling data...
Filling data...
Filling data...
Filling data...
Filling data...
Filling data...
Filling data...
Filling data...
Filling data...
Doing warmup FFTs ...
Doing warmup FFTs ...
Doing warmup FFTs ...
Doing warmup FFTs ...
Doing warmup FFTs ...
Doing warmup FFTs ...
Doing warmup FFTs ...
Doing warmup FFTs ...
Doing warmup FFTs ...
Doing warmup FFTs ...
Doing warmup FFTs ...
Doing warmup FFTs ...
Doing warmup FFTs ...
Doing warmup FFTs ...
Doing warmup FFTs ...
Doing warmup FFTs ...
Doing warmup FFTs ...
Doing warmup FFTs ...
Doing warmup FFTs ...
Doing warmup FFTs ...
Doing warmup FFTs ...
Doing warmup FFTs ...
Doing warmup FFTs ...
Doing warmup FFTs ...
Doing warmup FFTs ...
Doing warmup FFTs ...
Doing warmup FFTs ...
Doing warmup FFTs ...
Doing warmup FFTs ...
Doing warmup FFTs ...
Doing warmup FFTs ...
Doing warmup FFTs ...
Doing warmup FFTs ...
Doing warmup FFTs ...
Doing warmup FFTs ...
Doing warmup FFTs ...
Doing warmup FFTs ...
Doing warmup FFTs ...
Doing warmup FFTs ...
Doing warmup FFTs ...
Doing warmup FFTs ...
Doing warmup FFTs ...
Doing warmup FFTs ...
Doing warmup FFTs ...
Doing warmup FFTs ...
Doing warmup FFTs ...
Doing warmup FFTs ...
Doing warmup FFTs ...
Doing warmup FFTs ...
Doing warmup FFTs ...
Doing warmup FFTs ...
Doing warmup FFTs ...
Doing warmup FFTs ...
Doing warmup FFTs ...
Doing warmup FFTs ...
Doing warmup FFTs ...
Doing warmup FFTs ...
Doing warmup FFTs ...
Doing warmup FFTs ...
Doing warmup FFTs ...
Doing warmup FFTs ...
Doing warmup FFTs ...
Doing warmup FFTs ...
Doing warmup FFTs ...
Doing warmup FFTs ...
Doing warmup FFTs ...
Doing warmup FFTs ...
Doing warmup FFTs ...
Doing warmup FFTs ...
Doing warmup FFTs ...
Doing warmup FFTs ...
Doing warmup FFTs ...
Doing warmup FFTs ...
Doing warmup FFTs ...
Doing warmup FFTs ...
Doing warmup FFTs ...
Doing warmup FFTs ...
Doing warmup FFTs ...
Doing warmup FFTs ...
Doing warmup FFTs ...
Doing warmup FFTs ...
Doing warmup FFTs ...
Doing warmup FFTs ...
Doing warmup FFTs ...
Doing warmup FFTs ...
Doing warmup FFTs ...
Doing warmup FFTs ...
Doing warmup FFTs ...
Doing warmup FFTs ...
Doing warmup FFTs ...
Doing warmup FFTs ...
Doing warmup FFTs ...
Doing warmup FFTs ...
Doing warmup FFTs ...
Doing warmup FFTs ...
Doing warmup FFTs ...
Doing warmup FFTs ...
Doing warmup FFTs ...
Doing warmup FFTs ...
Doing warmup FFTs ...
Doing warmup FFTs ...
Doing warmup FFTs ...
Doing warmup FFTs ...
Doing warmup FFTs ...
Doing warmup FFTs ...
Doing warmup FFTs ...
Doing warmup FFTs ...
Doing warmup FFTs ...
Doing warmup FFTs ...
Doing warmup FFTs ...
Doing warmup FFTs ...
Doing warmup FFTs ...
Doing warmup FFTs ...
Doing warmup FFTs ...
Doing warmup FFTs ...
Doing warmup FFTs ...
Doing warmup FFTs ...
Doing warmup FFTs ...
Doing warmup FFTs ...
Doing warmup FFTs ...
Doing warmup FFTs ...
Doing warmup FFTs ...
Doing warmup FFTs ...
Doing warmup FFTs ...
Doing warmup FFTs ...
Doing warmup FFTs ...
Doing warmup FFTs ...
Doing warmup FFTs ...
Doing warmup FFTs ...
Doing warmup FFTs ...
Doing warmup FFTs ...
Doing warmup FFTs ...
Doing warmup FFTs ...
Doing warmup FFTs ...
Doing warmup FFTs ...
Doing warmup FFTs ...
Doing warmup FFTs ...
Doing warmup FFTs ...
Doing warmup FFTs ...
Doing warmup FFTs ...
Doing warmup FFTs ...
Doing warmup FFTs ...
Doing warmup FFTs ...
Doing warmup FFTs ...
Doing warmup FFTs ...
Doing warmup FFTs ...
Doing warmup FFTs ...
Doing warmup FFTs ...
Doing warmup FFTs ...
Doing warmup FFTs ...
Doing warmup FFTs ...
Doing warmup FFTs ...
Doing warmup FFTs ...
Doing warmup FFTs ...
Doing warmup FFTs ...
Doing warmup FFTs ...
Doing warmup FFTs ...
Doing warmup FFTs ...
Doing warmup FFTs ...
Doing warmup FFTs ...
Doing warmup FFTs ...
Doing warmup FFTs ...
Doing warmup FFTs ...
Doing warmup FFTs ...
Doing warmup FFTs ...
Doing warmup FFTs ...
Doing warmup FFTs ...
Doing warmup FFTs ...
Doing warmup FFTs ...
Doing warmup FFTs ...
Doing warmup FFTs ...
Doing warmup FFTs ...
Doing warmup FFTs ...
Doing warmup FFTs ...
Doing warmup FFTs ...
Doing warmup FFTs ...
Doing warmup FFTs ...
Doing warmup FFTs ...
Doing warmup FFTs ...
Doing warmup FFTs ...
Doing warmup FFTs ...
Doing warmup FFTs ...
Doing warmup FFTs ...
Doing warmup FFTs ...
Doing warmup FFTs ...
Doing warmup FFTs ...
Doing warmup FFTs ...
Doing warmup FFTs ...
Doing warmup FFTs ...
Doing warmup FFTs ...
Doing warmup FFTs ...
Doing warmup FFTs ...
Doing warmup FFTs ...
Doing warmup FFTs ...
Doing warmup FFTs ...
Doing warmup FFTs ...
Doing warmup FFTs ...
Doing warmup FFTs ...
Doing warmup FFTs ...
Doing warmup FFTs ...
Doing warmup FFTs ...
Doing warmup FFTs ...
Doing warmup FFTs ...
Doing warmup FFTs ...
Doing warmup FFTs ...
Doing warmup FFTs ...
Doing warmup FFTs ...
Doing warmup FFTs ...
Doing warmup FFTs ...
Doing warmup FFTs ...
Doing warmup FFTs ...
Doing warmup FFTs ...
Doing warmup FFTs ...
Doing warmup FFTs ...
Doing warmup FFTs ...
Doing warmup FFTs ...
Doing warmup FFTs ...
Doing warmup FFTs ...
Doing warmup FFTs ...
Doing warmup FFTs ...
Doing warmup FFTs ...
Doing warmup FFTs ...
Doing warmup FFTs ...
Doing warmup FFTs ...
Doing warmup FFTs ...
Doing warmup FFTs ...
Doing warmup FFTs ...
Doing warmup FFTs ...
Doing warmup FFTs ...
Doing warmup FFTs ...
Doing warmup FFTs ...
Doing warmup FFTs ...
Doing warmup FFTs ...
Doing warmup FFTs ...
Doing warmup FFTs ...
Doing warmup FFTs ...
Doing warmup FFTs ...
Doing warmup FFTs ...
Doing warmup FFTs ...
Doing warmup FFTs ...
Doing warmup FFTs ...
Doing warmup FFTs ...
Doing warmup FFTs ...
Doing warmup FFTs ...
Doing warmup FFTs ...
Doing warmup FFTs ...
Doing warmup FFTs ...
Doing warmup FFTs ...
Doing warmup FFTs ...
Doing warmup FFTs ...
Doing warmup FFTs ...
Doing warmup FFTs ...
Doing warmup FFTs ...
Doing warmup FFTs ...
Doing warmup FFTs ...
Doing warmup FFTs ...
Doing FFTs ...
Doing FFTs ...
Doing FFTs ...
Doing FFTs ...
Doing FFTs ...
Doing FFTs ...
Doing FFTs ...
Doing FFTs ...
Doing FFTs ...
Doing FFTs ...
Doing FFTs ...
Doing FFTs ...
Doing FFTs ...
Doing FFTs ...
Doing FFTs ...
Doing FFTs ...
Doing FFTs ...
Doing FFTs ...
Doing FFTs ...
Doing FFTs ...
Doing FFTs ...
Doing FFTs ...
Doing FFTs ...
Doing FFTs ...
Doing FFTs ...
Doing FFTs ...
Doing FFTs ...
Doing FFTs ...
Doing FFTs ...
Doing FFTs ...
Doing FFTs ...
Doing FFTs ...
Doing FFTs ...
Doing FFTs ...
Doing FFTs ...
Doing FFTs ...
Doing FFTs ...
Doing FFTs ...
Doing FFTs ...
Doing FFTs ...
Doing FFTs ...
Doing FFTs ...
Doing FFTs ...
Doing FFTs ...
Doing FFTs ...
Doing FFTs ...
Doing FFTs ...
Doing FFTs ...
Doing FFTs ...
Doing FFTs ...
Doing FFTs ...
Doing FFTs ...
Doing FFTs ...
Doing FFTs ...
Doing FFTs ...
Doing FFTs ...
Doing FFTs ...
Doing FFTs ...
Doing FFTs ...
Doing FFTs ...
Doing FFTs ...
Doing FFTs ...
Doing FFTs ...
Doing FFTs ...
Doing FFTs ...
Doing FFTs ...
Doing FFTs ...
Doing FFTs ...
Doing FFTs ...
Doing FFTs ...
Doing FFTs ...
Doing FFTs ...
Doing FFTs ...
Doing FFTs ...
Doing FFTs ...
Doing FFTs ...
Doing FFTs ...
Doing FFTs ...
Doing FFTs ...
Doing FFTs ...
Doing FFTs ...
Doing FFTs ...
Doing FFTs ...
Doing FFTs ...
Doing FFTs ...
Doing FFTs ...
Doing FFTs ...
Doing FFTs ...
Doing FFTs ...
Doing FFTs ...
Doing FFTs ...
Doing FFTs ...
Doing FFTs ...
Doing FFTs ...
Doing FFTs ...
Doing FFTs ...
Doing FFTs ...
Doing FFTs ...
Doing FFTs ...
Doing FFTs ...
Doing FFTs ...
Doing FFTs ...
Doing FFTs ...
Doing FFTs ...
Doing FFTs ...
Doing FFTs ...
Doing FFTs ...
Doing FFTs ...
Doing FFTs ...
Doing FFTs ...
Doing FFTs ...
Doing FFTs ...
Doing FFTs ...
Doing FFTs ...
Doing FFTs ...
Doing FFTs ...
Doing FFTs ...
Doing FFTs ...
Doing FFTs ...
Doing FFTs ...
Doing FFTs ...
Doing FFTs ...
Doing FFTs ...
Doing FFTs ...
Doing FFTs ...
Doing FFTs ...
Doing FFTs ...
Doing FFTs ...
Doing FFTs ...
Doing FFTs ...
Doing FFTs ...
Doing FFTs ...
Doing FFTs ...
Doing FFTs ...
Doing FFTs ...
Doing FFTs ...
Doing FFTs ...
Doing FFTs ...
Doing FFTs ...
Doing FFTs ...
Doing FFTs ...
Doing FFTs ...
Doing FFTs ...
Doing FFTs ...
Doing FFTs ...
Doing FFTs ...
Doing FFTs ...
Doing FFTs ...
Doing FFTs ...
Doing FFTs ...
Doing FFTs ...
Doing FFTs ...
Doing FFTs ...
Doing FFTs ...
Doing FFTs ...
Doing FFTs ...
Doing FFTs ...
Doing FFTs ...
Doing FFTs ...
Doing FFTs ...
Doing FFTs ...
Doing FFTs ...
Doing FFTs ...
Doing FFTs ...
Doing FFTs ...
Doing FFTs ...
Doing FFTs ...
Doing FFTs ...
Doing FFTs ...
Doing FFTs ...
Doing FFTs ...
Doing FFTs ...
Doing FFTs ...
Doing FFTs ...
Doing FFTs ...
Doing FFTs ...
Doing FFTs ...
Doing FFTs ...
Doing FFTs ...
Doing FFTs ...
Doing FFTs ...
Doing FFTs ...
Doing FFTs ...
Doing FFTs ...
Doing FFTs ...
Doing FFTs ...
Doing FFTs ...
Doing FFTs ...
Doing FFTs ...
Doing FFTs ...
Doing FFTs ...
Doing FFTs ...
Doing FFTs ...
Doing FFTs ...
Doing FFTs ...
Doing FFTs ...
Doing FFTs ...
Doing FFTs ...
Doing FFTs ...
Doing FFTs ...
Doing FFTs ...
Doing FFTs ...
Doing FFTs ...
Doing FFTs ...
Doing FFTs ...
Doing FFTs ...
Doing FFTs ...
Doing FFTs ...
Doing FFTs ...
Doing FFTs ...
Doing FFTs ...
Doing FFTs ...
Doing FFTs ...
Doing FFTs ...
Doing FFTs ...
Doing FFTs ...
Doing FFTs ...
Doing FFTs ...
Doing FFTs ...
Doing FFTs ...
Doing FFTs ...
Doing FFTs ...
Doing FFTs ...
Doing FFTs ...
Doing FFTs ...
Doing FFTs ...
Doing FFTs ...
Doing FFTs ...
Doing FFTs ...
Doing FFTs ...
Doing FFTs ...
Doing FFTs ...
Doing FFTs ...
Doing FFTs ...
Doing FFTs ...
Doing FFTs ...
Doing FFTs ...
Doing FFTs ...
Doing FFTs ...
Doing FFTs ...
Doing FFTs ...
Doing FFTs ...
Doing FFTs ...
Doing FFTs ...
Doing FFTs ...
Doing FFTs ...
Doing FFTs ...
Doing FFTs ...
Doing FFTs ...
Doing FFTs ...
Doing FFTs ...
Doing FFTs ...
Doing FFTs ...
Doing FFTs ...
Doing FFTs ...
Doing FFTs ...
Creating FFTW...
Creating FFTW...
Creating FFTW...
Creating FFTW...
Creating FFTW...
Creating FFTW...
Creating FFTW...
Creating FFTW...
Creating FFTW...
Creating FFTW...
Creating FFTW...
Creating FFTW...
Creating FFTW...
Creating FFTW...
Filling data...
Filling data...
Creating FFTW...
Filling data...
Creating FFTW...
Creating FFTW...
Filling data...
Filling data...
Creating FFTW...
Filling data...
Creating FFTW...
Filling data...
Creating FFTW...
Creating FFTW...
Creating FFTW...
Creating FFTW...
Creating FFTW...
Filling data...
Creating FFTW...
Filling data...
Creating FFTW...
Filling data...
Creating FFTW...
Creating FFTW...
Creating FFTW...
Filling data...
Creating FFTW...
Creating FFTW...
Creating FFTW...
Creating FFTW...
Creating FFTW...
Creating FFTW...
Creating FFTW...
Filling data...
Creating FFTW...
Filling data...
Creating FFTW...
Filling data...
Creating FFTW...
Creating FFTW...
Creating FFTW...
Filling data...
Creating FFTW...
Creating FFTW...
Creating FFTW...
Creating FFTW...
Creating FFTW...
Filling data...
Creating FFTW...
Creating FFTW...
Creating FFTW...
Filling data...
Creating FFTW...
Creating FFTW...
Creating FFTW...
Filling data...
Creating FFTW...
Creating FFTW...
Creating FFTW...
Creating FFTW...
Creating FFTW...
Creating FFTW...
Creating FFTW...
Filling data...
Creating FFTW...
Creating FFTW...
Creating FFTW...
Filling data...
Creating FFTW...
Filling data...
Creating FFTW...
Filling data...
Creating FFTW...
Filling data...
Creating FFTW...
Creating FFTW...
Creating FFTW...
Creating FFTW...
Creating FFTW...
Creating FFTW...
Creating FFTW...
Creating FFTW...
Creating FFTW...
Creating FFTW...
Creating FFTW...
Filling data...
Creating FFTW...
Creating FFTW...
Creating FFTW...
Filling data...
Creating FFTW...
Filling data...
Filling data...
Filling data...
Filling data...
Filling data...
Filling data...
Creating FFTW...
Filling data...
Creating FFTW...
Filling data...
Filling data...
Filling data...
Filling data...
Filling data...
Creating FFTW...
Filling data...
Creating FFTW...
Filling data...
Creating FFTW...
Creating FFTW...
Creating FFTW...
Filling data...
Creating FFTW...
Filling data...
Filling data...
Filling data...
Filling data...
Creating FFTW...
Creating FFTW...
Filling data...
Filling data...
Filling data...
Creating FFTW...
Filling data...
Creating FFTW...
Filling data...
Creating FFTW...
Filling data...
Creating FFTW...
Filling data...
Filling data...
Filling data...
Creating FFTW...
Filling data...
Filling data...
Filling data...
Creating FFTW...
Filling data...
Creating FFTW...
Filling data...
Creating FFTW...
Creating FFTW...
Creating FFTW...
Filling data...
Filling data...
Filling data...
Creating FFTW...
Filling data...
Creating FFTW...
Filling data...
Creating FFTW...
Filling data...
Filling data...
Filling data...
Creating FFTW...
Filling data...
Creating FFTW...
Filling data...
Filling data...
Creating FFTW...
Filling data...
Filling data...
Creating FFTW...
Filling data...
Creating FFTW...
Creating FFTW...
Creating FFTW...
Creating FFTW...
Creating FFTW...
Filling data...
Filling data...
Filling data...
Creating FFTW...
Filling data...
Creating FFTW...
Filling data...
Creating FFTW...
Filling data...
Filling data...
Filling data...
Filling data...
Creating FFTW...
Filling data...
Creating FFTW...
Creating FFTW...
Filling data...
Filling data...
Creating FFTW...
Filling data...
Creating FFTW...
Creating FFTW...
Creating FFTW...
Filling data...
Creating FFTW...
Filling data...
Creating FFTW...
Filling data...
Creating FFTW...
Filling data...
Filling data...
Creating FFTW...
Filling data...
Creating FFTW...
Filling data...
Creating FFTW...
Creating FFTW...
Filling data...
Creating FFTW...
Filling data...
Creating FFTW...
Creating FFTW...
Filling data...
Filling data...
Creating FFTW...
Filling data...
Filling data...
Filling data...
Creating FFTW...
Filling data...
Filling data...
Filling data...
Filling data...
Creating FFTW...
Filling data...
Filling data...
Filling data...
Filling data...
Creating FFTW...
Filling data...
Creating FFTW...
Filling data...
Filling data...
Creating FFTW...
Filling data...
Creating FFTW...
Creating FFTW...
Creating FFTW...
Creating FFTW...
Creating FFTW...
Filling data...
Filling data...
Creating FFTW...
Filling data...
Filling data...
Creating FFTW...
Creating FFTW...
Filling data...
Creating FFTW...
Filling data...
Creating FFTW...
Creating FFTW...
Creating FFTW...
Creating FFTW...
Filling data...
Filling data...
Creating FFTW...
Creating FFTW...
Creating FFTW...
Creating FFTW...
Filling data...
Filling data...
Creating FFTW...
Filling data...
Filling data...
Creating FFTW...
Creating FFTW...
Creating FFTW...
Creating FFTW...
Creating FFTW...
Creating FFTW...
Filling data...
Filling data...
Creating FFTW...
Creating FFTW...
Filling data...
Filling data...
Creating FFTW...
Creating FFTW...
Creating FFTW...
Creating FFTW...
Filling data...
Creating FFTW...
Creating FFTW...
Creating FFTW...
Creating FFTW...
Creating FFTW...
Creating FFTW...
Creating FFTW...
Creating FFTW...
Creating FFTW...
Creating FFTW...
Creating FFTW...
Creating FFTW...
Creating FFTW...
Creating FFTW...
Filling data...
Creating FFTW...
Creating FFTW...
Creating FFTW...
Creating FFTW...
Filling data...
Creating FFTW...
Creating FFTW...
Creating FFTW...
Creating FFTW...
Filling data...
Filling data...
Creating FFTW...
Filling data...
Creating FFTW...
Creating FFTW...
Filling data...
Filling data...
Filling data...
Creating FFTW...
Filling data...
Creating FFTW...
Creating FFTW...
Creating FFTW...
Filling data...
Filling data...
Creating FFTW...
Filling data...
Creating FFTW...
Filling data...
Creating FFTW...
Filling data...
Creating FFTW...
Filling data...
Filling data...
Creating FFTW...
Creating FFTW...
Creating FFTW...
Filling data...
Filling data...
Creating FFTW...
Filling data...
Creating FFTW...
Creating FFTW...
Creating FFTW...
Filling data...
Filling data...
Creating FFTW...
Creating FFTW...
Creating FFTW...
Creating FFTW...
Creating FFTW...
Creating FFTW...
Creating FFTW...
Creating FFTW...
Creating FFTW...
Creating FFTW...
Creating FFTW...
Creating FFTW...
Creating FFTW...
Creating FFTW...
Filling data...
Creating FFTW...
Creating FFTW...
Creating FFTW...
Filling data...
Filling data...
Creating FFTW...
Creating FFTW...
Creating FFTW...
Creating FFTW...
Filling data...
Creating FFTW...
Filling data...
Creating FFTW...
Filling data...
Creating FFTW...
Filling data...
Filling data...
Filling data...
Creating FFTW...
Filling data...
Filling data...
Filling data...
Creating FFTW...
Creating FFTW...
Creating FFTW...
Filling data...
Filling data...
Filling data...
Filling data...
Filling data...
Filling data...
Filling data...
Creating FFTW...
Filling data...
Creating FFTW...
Filling data...
Creating FFTW...
Creating FFTW...
Creating FFTW...
Creating FFTW...
Creating FFTW...
Filling data...
Filling data...
Filling data...
Creating FFTW...
Filling data...
Creating FFTW...
Filling data...
Creating FFTW...
Filling data...
Creating FFTW...
Filling data...
Creating FFTW...
Filling data...
Filling data...
Filling data...
Filling data...
Filling data...
Creating FFTW...
Filling data...
Filling data...
Filling data...
Filling data...
Filling data...
Filling data...
Filling data...
Filling data...
Filling data...
Filling data...
Filling data...
Filling data...
Filling data...
Filling data...
Creating FFTW...
Filling data...
Filling data...
Filling data...
Filling data...
Filling data...
Filling data...
Filling data...
Filling data...
Filling data...
Filling data...
Filling data...
Creating FFTW...
Filling data...
Filling data...
Filling data...
Filling data...
Filling data...
Creating FFTW...
Filling data...
Creating FFTW...
Filling data...
Creating FFTW...
Filling data...
Filling data...
Filling data...
Filling data...
Filling data...
Creating FFTW...
Filling data...
Filling data...
Filling data...
Filling data...
Filling data...
Filling data...
Filling data...
Filling data...
Filling data...
Filling data...
Filling data...
Filling data...
Filling data...
Filling data...
Filling data...
Filling data...
Filling data...
Filling data...
Filling data...
Filling data...
Filling data...
Filling data...
Filling data...
Filling data...
Filling data...
Filling data...
Filling data...
Filling data...
Filling data...
Filling data...
Filling data...
Filling data...
Filling data...
Filling data...
Filling data...
Filling data...
Creating FFTW...
Filling data...
Doing warmup FFTs ...
Doing warmup FFTs ...
Doing warmup FFTs ...
Doing warmup FFTs ...
Doing warmup FFTs ...
Doing warmup FFTs ...
Doing warmup FFTs ...
Doing warmup FFTs ...
Doing warmup FFTs ...
Doing warmup FFTs ...
Doing warmup FFTs ...
Doing warmup FFTs ...
Doing warmup FFTs ...
Doing warmup FFTs ...
Doing warmup FFTs ...
Doing warmup FFTs ...
Doing warmup FFTs ...
Doing warmup FFTs ...
Doing warmup FFTs ...
Doing warmup FFTs ...
Doing warmup FFTs ...
Doing warmup FFTs ...
Doing warmup FFTs ...
Doing warmup FFTs ...
Doing warmup FFTs ...
Doing warmup FFTs ...
Doing warmup FFTs ...
Doing warmup FFTs ...
Doing warmup FFTs ...
Doing warmup FFTs ...
Doing warmup FFTs ...
Doing warmup FFTs ...
Doing warmup FFTs ...
Doing warmup FFTs ...
Doing warmup FFTs ...
Doing warmup FFTs ...
Doing warmup FFTs ...
Doing warmup FFTs ...
Doing warmup FFTs ...
Doing warmup FFTs ...
Doing warmup FFTs ...
Doing warmup FFTs ...
Doing warmup FFTs ...
Doing warmup FFTs ...
Doing warmup FFTs ...
Doing warmup FFTs ...
Doing warmup FFTs ...
Doing warmup FFTs ...
Doing warmup FFTs ...
Doing warmup FFTs ...
Doing warmup FFTs ...
Doing warmup FFTs ...
Doing warmup FFTs ...
Doing warmup FFTs ...
Doing warmup FFTs ...
Doing warmup FFTs ...
Doing warmup FFTs ...
Doing warmup FFTs ...
Doing warmup FFTs ...
Doing warmup FFTs ...
Doing warmup FFTs ...
Doing warmup FFTs ...
Doing warmup FFTs ...
Doing warmup FFTs ...
Doing warmup FFTs ...
Doing warmup FFTs ...
Doing warmup FFTs ...
Doing warmup FFTs ...
Doing warmup FFTs ...
Doing warmup FFTs ...
Doing warmup FFTs ...
Doing warmup FFTs ...
Doing warmup FFTs ...
Doing warmup FFTs ...
Doing warmup FFTs ...
Doing warmup FFTs ...
Doing warmup FFTs ...
Doing warmup FFTs ...
Doing warmup FFTs ...
Doing warmup FFTs ...
Doing warmup FFTs ...
Doing warmup FFTs ...
Doing warmup FFTs ...
Doing warmup FFTs ...
Doing warmup FFTs ...
Doing warmup FFTs ...
Doing warmup FFTs ...
Doing warmup FFTs ...
Doing warmup FFTs ...
Doing warmup FFTs ...
Doing warmup FFTs ...
Doing warmup FFTs ...
Doing warmup FFTs ...
Doing warmup FFTs ...
Doing warmup FFTs ...
Doing warmup FFTs ...
Doing warmup FFTs ...
Doing warmup FFTs ...
Doing warmup FFTs ...
Doing warmup FFTs ...
Doing warmup FFTs ...
Doing warmup FFTs ...
Doing warmup FFTs ...
Doing warmup FFTs ...
Doing warmup FFTs ...
Doing warmup FFTs ...
Doing warmup FFTs ...
Doing warmup FFTs ...
Doing warmup FFTs ...
Doing warmup FFTs ...
Doing warmup FFTs ...
Doing warmup FFTs ...
Doing warmup FFTs ...
Doing warmup FFTs ...
Doing warmup FFTs ...
Doing warmup FFTs ...
Doing warmup FFTs ...
Doing warmup FFTs ...
Doing warmup FFTs ...
Doing warmup FFTs ...
Doing warmup FFTs ...
Doing warmup FFTs ...
Doing warmup FFTs ...
Doing warmup FFTs ...
Doing warmup FFTs ...
Doing warmup FFTs ...
Doing warmup FFTs ...
Doing warmup FFTs ...
Doing warmup FFTs ...
Doing warmup FFTs ...
Doing warmup FFTs ...
Doing warmup FFTs ...
Doing warmup FFTs ...
Doing warmup FFTs ...
Doing warmup FFTs ...
Doing warmup FFTs ...
Doing warmup FFTs ...
Doing warmup FFTs ...
Doing warmup FFTs ...
Doing warmup FFTs ...
Doing warmup FFTs ...
Doing warmup FFTs ...
Doing warmup FFTs ...
Doing warmup FFTs ...
Doing warmup FFTs ...
Doing warmup FFTs ...
Doing warmup FFTs ...
Doing warmup FFTs ...
Doing warmup FFTs ...
Doing warmup FFTs ...
Doing warmup FFTs ...
Doing warmup FFTs ...
Doing warmup FFTs ...
Doing warmup FFTs ...
Doing warmup FFTs ...
Doing warmup FFTs ...
Doing warmup FFTs ...
Doing warmup FFTs ...
Doing warmup FFTs ...
Doing warmup FFTs ...
Doing warmup FFTs ...
Doing warmup FFTs ...
Doing warmup FFTs ...
Doing warmup FFTs ...
Doing warmup FFTs ...
Doing warmup FFTs ...
Doing warmup FFTs ...
Doing warmup FFTs ...
Doing warmup FFTs ...
Doing warmup FFTs ...
Doing warmup FFTs ...
Doing warmup FFTs ...
Doing warmup FFTs ...
Doing warmup FFTs ...
Doing warmup FFTs ...
Doing warmup FFTs ...
Doing warmup FFTs ...
Doing warmup FFTs ...
Doing warmup FFTs ...
Doing warmup FFTs ...
Doing warmup FFTs ...
Doing warmup FFTs ...
Doing warmup FFTs ...
Doing warmup FFTs ...
Doing warmup FFTs ...
Doing warmup FFTs ...
Doing warmup FFTs ...
Doing warmup FFTs ...
Doing warmup FFTs ...
Doing warmup FFTs ...
Doing warmup FFTs ...
Doing warmup FFTs ...
Doing warmup FFTs ...
Doing warmup FFTs ...
Doing warmup FFTs ...
Doing warmup FFTs ...
Doing warmup FFTs ...
Doing warmup FFTs ...
Doing warmup FFTs ...
Doing warmup FFTs ...
Doing warmup FFTs ...
Doing warmup FFTs ...
Doing warmup FFTs ...
Doing warmup FFTs ...
Doing warmup FFTs ...
Doing warmup FFTs ...
Doing warmup FFTs ...
Doing warmup FFTs ...
Doing warmup FFTs ...
Doing warmup FFTs ...
Doing warmup FFTs ...
Doing warmup FFTs ...
Doing warmup FFTs ...
Doing warmup FFTs ...
Doing warmup FFTs ...
Doing warmup FFTs ...
Doing warmup FFTs ...
Doing warmup FFTs ...
Doing warmup FFTs ...
Doing warmup FFTs ...
Doing warmup FFTs ...
Doing warmup FFTs ...
Doing warmup FFTs ...
Doing warmup FFTs ...
Doing warmup FFTs ...
Doing warmup FFTs ...
Doing warmup FFTs ...
Doing warmup FFTs ...
Doing warmup FFTs ...
Doing warmup FFTs ...
Doing warmup FFTs ...
Doing warmup FFTs ...
Doing warmup FFTs ...
Doing warmup FFTs ...
Doing warmup FFTs ...
Doing warmup FFTs ...
Doing warmup FFTs ...
Doing warmup FFTs ...
Doing warmup FFTs ...
Doing warmup FFTs ...
Doing warmup FFTs ...
Doing warmup FFTs ...
Doing warmup FFTs ...
Doing warmup FFTs ...
Doing warmup FFTs ...
Doing warmup FFTs ...
Doing warmup FFTs ...
Doing warmup FFTs ...
Doing warmup FFTs ...
Doing warmup FFTs ...
Doing warmup FFTs ...
Doing warmup FFTs ...
Doing warmup FFTs ...
Doing warmup FFTs ...
Doing warmup FFTs ...
Doing warmup FFTs ...
Doing FFTs ...
Doing FFTs ...
Doing FFTs ...
Doing FFTs ...
Doing FFTs ...
Doing FFTs ...
Doing FFTs ...
Doing FFTs ...
Doing FFTs ...
Doing FFTs ...
Doing FFTs ...
Doing FFTs ...
Doing FFTs ...
Doing FFTs ...
Doing FFTs ...
Doing FFTs ...
Doing FFTs ...
Doing FFTs ...
Doing FFTs ...
Doing FFTs ...
Doing FFTs ...
Doing FFTs ...
Doing FFTs ...
Doing FFTs ...
Doing FFTs ...
Doing FFTs ...
Doing FFTs ...
Doing FFTs ...
Doing FFTs ...
Doing FFTs ...
Doing FFTs ...
Doing FFTs ...
Doing FFTs ...
Doing FFTs ...
Doing FFTs ...
Doing FFTs ...
Doing FFTs ...
Doing FFTs ...
Doing FFTs ...
Doing FFTs ...
Doing FFTs ...
Doing FFTs ...
Doing FFTs ...
Doing FFTs ...
Doing FFTs ...
Doing FFTs ...
Doing FFTs ...
Doing FFTs ...
Doing FFTs ...
Doing FFTs ...
Doing FFTs ...
Doing FFTs ...
Doing FFTs ...
Doing FFTs ...
Doing FFTs ...
Doing FFTs ...
Doing FFTs ...
Doing FFTs ...
Doing FFTs ...
Doing FFTs ...
Doing FFTs ...
Doing FFTs ...
Doing FFTs ...
Doing FFTs ...
Doing FFTs ...
Doing FFTs ...
Doing FFTs ...
Doing FFTs ...
Doing FFTs ...
Doing FFTs ...
Doing FFTs ...
Doing FFTs ...
Doing FFTs ...
Doing FFTs ...
Doing FFTs ...
Doing FFTs ...
Doing FFTs ...
Doing FFTs ...
Doing FFTs ...
Doing FFTs ...
Doing FFTs ...
Doing FFTs ...
Doing FFTs ...
Doing FFTs ...
Doing FFTs ...
Doing FFTs ...
Doing FFTs ...
Doing FFTs ...
Doing FFTs ...
Doing FFTs ...
Doing FFTs ...
Doing FFTs ...
Doing FFTs ...
Doing FFTs ...
Doing FFTs ...
Doing FFTs ...
Doing FFTs ...
Doing FFTs ...
Doing FFTs ...
Doing FFTs ...
Doing FFTs ...
Doing FFTs ...
Doing FFTs ...
Doing FFTs ...
Doing FFTs ...
Doing FFTs ...
Doing FFTs ...
Doing FFTs ...
Doing FFTs ...
Doing FFTs ...
Doing FFTs ...
Doing FFTs ...
Doing FFTs ...
Doing FFTs ...
Doing FFTs ...
Doing FFTs ...
Doing FFTs ...
Doing FFTs ...
Doing FFTs ...
Doing FFTs ...
Doing FFTs ...
Doing FFTs ...
Doing FFTs ...
Doing FFTs ...
Doing FFTs ...
Doing FFTs ...
Doing FFTs ...
Doing FFTs ...
Doing FFTs ...
Doing FFTs ...
Doing FFTs ...
Doing FFTs ...
Doing FFTs ...
Doing FFTs ...
Doing FFTs ...
Doing FFTs ...
Doing FFTs ...
Doing FFTs ...
Doing FFTs ...
Doing FFTs ...
Doing FFTs ...
Doing FFTs ...
Doing FFTs ...
Doing FFTs ...
Doing FFTs ...
Doing FFTs ...
Doing FFTs ...
Doing FFTs ...
Doing FFTs ...
Doing FFTs ...
Doing FFTs ...
Doing FFTs ...
Doing FFTs ...
Doing FFTs ...
Doing FFTs ...
Doing FFTs ...
Doing FFTs ...
Doing FFTs ...
Doing FFTs ...
Doing FFTs ...
Doing FFTs ...
Doing FFTs ...
Doing FFTs ...
Doing FFTs ...
Doing FFTs ...
Doing FFTs ...
Doing FFTs ...
Doing FFTs ...
Doing FFTs ...
Doing FFTs ...
Doing FFTs ...
Doing FFTs ...
Doing FFTs ...
Doing FFTs ...
Doing FFTs ...
Doing FFTs ...
Doing FFTs ...
Doing FFTs ...
Doing FFTs ...
Doing FFTs ...
Doing FFTs ...
Doing FFTs ...
Doing FFTs ...
Doing FFTs ...
Doing FFTs ...
Doing FFTs ...
Doing FFTs ...
Doing FFTs ...
Doing FFTs ...
Doing FFTs ...
Doing FFTs ...
Doing FFTs ...
Doing FFTs ...
Doing FFTs ...
Doing FFTs ...
Doing FFTs ...
Doing FFTs ...
Doing FFTs ...
Doing FFTs ...
Doing FFTs ...
Doing FFTs ...
Doing FFTs ...
Doing FFTs ...
Doing FFTs ...
Doing FFTs ...
Doing FFTs ...
Doing FFTs ...
Doing FFTs ...
Doing FFTs ...
Doing FFTs ...
Doing FFTs ...
Doing FFTs ...
Doing FFTs ...
Doing FFTs ...
Doing FFTs ...
Doing FFTs ...
Doing FFTs ...
Doing FFTs ...
Doing FFTs ...
Doing FFTs ...
Doing FFTs ...
Doing FFTs ...
Doing FFTs ...
Doing FFTs ...
Doing FFTs ...
Doing FFTs ...
Doing FFTs ...
Doing FFTs ...
Doing FFTs ...
Doing FFTs ...
Doing FFTs ...
Doing FFTs ...
Doing FFTs ...
Doing FFTs ...
Doing FFTs ...
Doing FFTs ...
Doing FFTs ...
Doing FFTs ...
Doing FFTs ...
Doing FFTs ...
Doing FFTs ...
Doing FFTs ...
Doing FFTs ...
Doing FFTs ...
Doing FFTs ...
Doing FFTs ...
Doing FFTs ...
Doing FFTs ...
Doing FFTs ...
Doing FFTs ...
Doing FFTs ...
Doing FFTs ...
Doing FFTs ...
Doing FFTs ...
Doing FFTs ...
Doing FFTs ...
ParaFaFT: mean=2.42118s, std=0.0171381s
FFTW:     mean=3.6117s, std=0.0522401s
CSV written to bench_r2c.csv
>> wrote /pc2/users/c/csdcan02/scratch/Franz/parafaft/benchmark/cluster/results/strong_cpu/N1536_n2_33674710/bench_r2c.csv
