cpu-bind=MASK - n2gpu1203, task  0  0 [352388]: mask 0x|--------|--------||BBBBBBBB|--------||--------|--------||--------|--------||||--------|--------||BBBBBBBB|--------||--------|--------||--------|--------| set

Currently Loaded Modules:
  1) pc2fs
  2) slurm/25.11.2-1
  3) DefaultModules                            (S)
  4) compiler/GCCcore/14.2.0
  5) devel/ncurses/6.5-GCCcore-14.2.0
  6) lib/zlib/1.3.1-GCCcore-14.2.0
  7) tools/bzip2/1.0.8-GCCcore-14.2.0
  8) lib/libidn2/2.3.7-GCCcore-14.2.0
  9) lib/libiconv/1.18-GCCcore-14.2.0
 10) lib/libunistring/1.3-GCCcore-14.2.0
 11) lib/libpsl/0.21.5-GCCcore-14.2.0
 12) system/OpenSSL/3
 13) tools/cURL/8.11.1-GCCcore-14.2.0
 14) tools/XZ/5.6.3-GCCcore-14.2.0
 15) tools/libarchive/3.7.7-GCCcore-14.2.0
 16) devel/CMake/3.31.3-GCCcore-14.2.0
 17) tools/binutils/2.42-GCCcore-14.2.0
 18) compiler/GCC/14.2.0
 19) tools/numactl/2.0.19-GCCcore-14.2.0
 20) lib/libxml2/2.13.4-GCCcore-14.2.0
 21) system/libpciaccess/0.18.1-GCCcore-14.2.0
 22) system/hwloc/2.11.2-GCCcore-14.2.0
 23) lib/libevent/2.1.12-GCCcore-14.2.0
 24) lib/UCX/1.18.0-GCCcore-14.2.0
 25) lib/libfabric/2.0.0-GCCcore-14.2.0
 26) lib/PMIx/5.0.6-GCCcore-14.2.0
 27) lib/PRRTE/3.0.8-GCCcore-14.2.0
 28) lib/UCC/1.3.0-GCCcore-14.2.0
 29) mpi/OpenMPI/5.0.7-GCC-14.2.0
 30) toolchain/gompi/2025a
 31) numlib/FFTW/3.3.10-GCC-14.2.0
 32) numlib/FFTW.MPI/3.3.10-gompi-2025a
 33) tools/Szip/2.1.1-GCCcore-14.2.0
 34) data/HDF5/1.14.6-gompi-2025a
 35) system/CUDA/12.8.0

  Where:
   S:  Module is Sticky, requires --force to unload or purge
=== strong_gpu: N=1024 gpus=1 nodes=1 tpn=1 iters=50 ===
cpu-bind=MASK - n2gpu1203, task  0  0 [352547]: mask 0x|--------|--------||BBBBBBBB|--------||--------|--------||--------|--------||||--------|--------||BBBBBBBB|--------||--------|--------||--------|--------| set

==========================================
Benchmark: ParaFaFT R2C (cuFFT) 3D, N=1024, MPI procs=1, iterations=50
Creating ParaFaFT...
Filling data...
Doing warmup FFTs ...
terminate called after throwing an instance of 'std::runtime_error'
  what():  CUDA error in cudaMemcpy2DAsync: invalid argument
[n2gpu1203:352547] *** Process received signal ***
[n2gpu1203:352547] Signal: Aborted (6)
[n2gpu1203:352547] Signal code:  (-6)
[n2gpu1203:352547] [ 0] /lib64/libpthread.so.0(+0x12990)[0x153b932d5990]
[n2gpu1203:352547] [ 1] /lib64/libc.so.6(gsignal+0x10f)[0x153b80b375af]
[n2gpu1203:352547] [ 2] /lib64/libc.so.6(abort+0x127)[0x153b80b0aee5]
[n2gpu1203:352547] [ 3] /opt/software/pc2/EB-SW/software/GCCcore/14.2.0/lib64/libstdc++.so.6(+0xadc3d)[0x153b812eec3d]
[n2gpu1203:352547] [ 4] /opt/software/pc2/EB-SW/software/GCCcore/14.2.0/lib64/libstdc++.so.6(+0xbf46a)[0x153b8130046a]
[n2gpu1203:352547] [ 5] /opt/software/pc2/EB-SW/software/GCCcore/14.2.0/lib64/libstdc++.so.6(_ZSt10unexpectedv+0x0)[0x153b812ee7e9]
[n2gpu1203:352547] [ 6] /opt/software/pc2/EB-SW/software/GCCcore/14.2.0/lib64/libstdc++.so.6(+0xbf6e8)[0x153b813006e8]
[n2gpu1203:352547] [ 7] /pc2/users/c/csdcan02/scratch/Franz/parafaft/build_gpu/bench/bench_r2c_cuda[0x403719]
[n2gpu1203:352547] [ 8] /pc2/users/c/csdcan02/scratch/Franz/parafaft/build_gpu/bench/bench_r2c_cuda[0x40769f]
[n2gpu1203:352547] [ 9] /pc2/users/c/csdcan02/scratch/Franz/parafaft/build_gpu/bench/bench_r2c_cuda[0x40aaf4]
[n2gpu1203:352547] [10] /pc2/users/c/csdcan02/scratch/Franz/parafaft/build_gpu/bench/bench_r2c_cuda[0x40f913]
[n2gpu1203:352547] [11] /pc2/users/c/csdcan02/scratch/Franz/parafaft/build_gpu/bench/bench_r2c_cuda[0x403cff]
[n2gpu1203:352547] [12] /lib64/libc.so.6(__libc_start_main+0xe5)[0x153b80b23865]
[n2gpu1203:352547] [13] /pc2/users/c/csdcan02/scratch/Franz/parafaft/build_gpu/bench/bench_r2c_cuda[0x403e6e]
[n2gpu1203:352547] *** End of error message ***
srun: error: n2gpu1203: task 0: Aborted (core dumped)
srun: Terminating StepId=33683364.0
