cpu-bind=MASK - n2cn0295, task  0  0 [318821]: mask 0x|BBBBBBBB|BBBBBBBB||BBBBBBBB|BBBBBBBB||BBBBBBBB|BBBBBBBB||BBBBBBBB|BBBBBBBB||||BBBBBBBB|BBBBBBBB||BBBBBBBB|BBBBBBBB||BBBBBBBB|BBBBBBBB||BBBBBBBB|BBBBBBBB| set

Currently Loaded Modules:
  1) pc2fs
  2) slurm/25.11.2-1
  3) DefaultModules                            (S)
  4) compiler/GCCcore/14.2.0
  5) devel/ncurses/6.5-GCCcore-14.2.0
  6) lib/zlib/1.3.1-GCCcore-14.2.0
  7) tools/bzip2/1.0.8-GCCcore-14.2.0
  8) lib/libidn2/2.3.7-GCCcore-14.2.0
  9) lib/libiconv/1.18-GCCcore-14.2.0
 10) lib/libunistring/1.3-GCCcore-14.2.0
 11) lib/libpsl/0.21.5-GCCcore-14.2.0
 12) system/OpenSSL/3
 13) tools/cURL/8.11.1-GCCcore-14.2.0
 14) tools/XZ/5.6.3-GCCcore-14.2.0
 15) tools/libarchive/3.7.7-GCCcore-14.2.0
 16) devel/CMake/3.31.3-GCCcore-14.2.0
 17) tools/binutils/2.42-GCCcore-14.2.0
 18) compiler/GCC/14.2.0
 19) tools/numactl/2.0.19-GCCcore-14.2.0
 20) lib/libxml2/2.13.4-GCCcore-14.2.0
 21) system/libpciaccess/0.18.1-GCCcore-14.2.0
 22) system/hwloc/2.11.2-GCCcore-14.2.0
 23) lib/libevent/2.1.12-GCCcore-14.2.0
 24) lib/UCX/1.18.0-GCCcore-14.2.0
 25) lib/libfabric/2.0.0-GCCcore-14.2.0
 26) lib/PMIx/5.0.6-GCCcore-14.2.0
 27) lib/PRRTE/3.0.8-GCCcore-14.2.0
 28) lib/UCC/1.3.0-GCCcore-14.2.0
 29) mpi/OpenMPI/5.0.7-GCC-14.2.0
 30) toolchain/gompi/2025a
 31) numlib/FFTW/3.3.10-GCC-14.2.0
 32) numlib/FFTW.MPI/3.3.10-gompi-2025a
 33) tools/Szip/2.1.1-GCCcore-14.2.0
 34) data/HDF5/1.14.6-gompi-2025a

  Where:
   S:  Module is Sticky, requires --force to unload or purge
=== strong_cpu_hybrid: N=2048 nodes=4 ranks=16 threads=32 iters=20 ===
cpu-bind=MASK - n2cn0908, task  4  0 [312002]: mask 0x|BBBBBBBB|BBBBBBBB||BBBBBBBB|BBBBBBBB||--------|--------||--------|--------||||--------|--------||--------|--------||--------|--------||--------|--------| set
cpu-bind=MASK - n2cn1148, task 12  0 [483799]: mask 0x|BBBBBBBB|BBBBBBBB||BBBBBBBB|BBBBBBBB||--------|--------||--------|--------||||--------|--------||--------|--------||--------|--------||--------|--------| set
cpu-bind=MASK - n2cn0908, task  5  1 [312003]: mask 0x|--------|--------||--------|--------||BBBBBBBB|BBBBBBBB||BBBBBBBB|BBBBBBBB||||--------|--------||--------|--------||--------|--------||--------|--------| set
cpu-bind=MASK - n2cn1148, task 13  1 [483800]: mask 0x|--------|--------||--------|--------||BBBBBBBB|BBBBBBBB||BBBBBBBB|BBBBBBBB||||--------|--------||--------|--------||--------|--------||--------|--------| set
cpu-bind=MASK - n2cn1146, task  8  0 [360488]: mask 0x|BBBBBBBB|BBBBBBBB||BBBBBBBB|BBBBBBBB||--------|--------||--------|--------||||--------|--------||--------|--------||--------|--------||--------|--------| set
cpu-bind=MASK - n2cn0908, task  6  2 [312004]: mask 0x|--------|--------||--------|--------||--------|--------||--------|--------||||BBBBBBBB|BBBBBBBB||BBBBBBBB|BBBBBBBB||--------|--------||--------|--------| set
cpu-bind=MASK - n2cn1148, task 14  2 [483801]: mask 0x|--------|--------||--------|--------||--------|--------||--------|--------||||BBBBBBBB|BBBBBBBB||BBBBBBBB|BBBBBBBB||--------|--------||--------|--------| set
cpu-bind=MASK - n2cn1146, task  9  1 [360489]: mask 0x|--------|--------||--------|--------||BBBBBBBB|BBBBBBBB||BBBBBBBB|BBBBBBBB||||--------|--------||--------|--------||--------|--------||--------|--------| set
cpu-bind=MASK - n2cn1146, task 10  2 [360490]: mask 0x|--------|--------||--------|--------||--------|--------||--------|--------||||BBBBBBBB|BBBBBBBB||BBBBBBBB|BBBBBBBB||--------|--------||--------|--------| set
cpu-bind=MASK - n2cn0908, task  7  3 [312005]: mask 0x|--------|--------||--------|--------||--------|--------||--------|--------||||--------|--------||--------|--------||BBBBBBBB|BBBBBBBB||BBBBBBBB|BBBBBBBB| set
cpu-bind=MASK - n2cn1148, task 15  3 [483802]: mask 0x|--------|--------||--------|--------||--------|--------||--------|--------||||--------|--------||--------|--------||BBBBBBBB|BBBBBBBB||BBBBBBBB|BBBBBBBB| set
cpu-bind=MASK - n2cn1146, task 11  3 [360491]: mask 0x|--------|--------||--------|--------||--------|--------||--------|--------||||--------|--------||--------|--------||BBBBBBBB|BBBBBBBB||BBBBBBBB|BBBBBBBB| set
cpu-bind=MASK - n2cn0295, task  0  0 [318916]: mask 0x|BBBBBBBB|BBBBBBBB||BBBBBBBB|BBBBBBBB||--------|--------||--------|--------||||--------|--------||--------|--------||--------|--------||--------|--------| set
cpu-bind=MASK - n2cn0295, task  1  1 [318917]: mask 0x|--------|--------||--------|--------||BBBBBBBB|BBBBBBBB||BBBBBBBB|BBBBBBBB||||--------|--------||--------|--------||--------|--------||--------|--------| set
cpu-bind=MASK - n2cn0295, task  2  2 [318918]: mask 0x|--------|--------||--------|--------||--------|--------||--------|--------||||BBBBBBBB|BBBBBBBB||BBBBBBBB|BBBBBBBB||--------|--------||--------|--------| set
cpu-bind=MASK - n2cn0295, task  3  3 [318919]: mask 0x|--------|--------||--------|--------||--------|--------||--------|--------||||--------|--------||--------|--------||BBBBBBBB|BBBBBBBB||BBBBBBBB|BBBBBBBB| set
Creating ParaFaFT...
Creating ParaFaFT...
Creating ParaFaFT...
Creating ParaFaFT...
Creating ParaFaFT...
Creating ParaFaFT...
Creating ParaFaFT...
Creating ParaFaFT...

==========================================
Benchmark: ParaFaFT R2C 3D, N=2048, MPI procs=16, FFTW threads=32, iterations=20
Creating ParaFaFT...
Creating ParaFaFT...
Creating ParaFaFT...
Creating ParaFaFT...
Creating ParaFaFT...
Creating ParaFaFT...
Creating ParaFaFT...
Creating ParaFaFT...
Filling data...
Filling data...
Filling data...
Filling data...
Filling data...
Filling data...
Filling data...
Filling data...
Filling data...
Filling data...
Filling data...
Filling data...
Filling data...
Filling data...
Filling data...
Filling data...
Doing warmup FFTs ...
Doing warmup FFTs ...
Doing warmup FFTs ...
Doing warmup FFTs ...
Doing warmup FFTs ...
Doing warmup FFTs ...
Doing warmup FFTs ...
Doing warmup FFTs ...
Doing warmup FFTs ...
Doing warmup FFTs ...
Doing warmup FFTs ...
Doing warmup FFTs ...
Doing warmup FFTs ...
Doing warmup FFTs ...
Doing warmup FFTs ...
Doing warmup FFTs ...
Doing FFTs ...
Doing FFTs ...
Doing FFTs ...
Doing FFTs ...
Doing FFTs ...
Doing FFTs ...
Doing FFTs ...
Doing FFTs ...
Doing FFTs ...
Doing FFTs ...
Doing FFTs ...
Doing FFTs ...
Doing FFTs ...
Doing FFTs ...
Doing FFTs ...
Doing FFTs ...
Creating FFTW...
Creating FFTW...
Creating FFTW...
Creating FFTW...
Creating FFTW...
Creating FFTW...
Creating FFTW...
Creating FFTW...
Creating FFTW...
Creating FFTW...
Creating FFTW...
Creating FFTW...
Filling data...
Creating FFTW...
Filling data...
Filling data...
Filling data...
Filling data...
Filling data...
Filling data...
Filling data...
Creating FFTW...
Filling data...
Filling data...
Creating FFTW...
Filling data...
Filling data...
Creating FFTW...
Filling data...
Filling data...
Filling data...
Filling data...
Doing warmup FFTs ...
Doing warmup FFTs ...
Doing warmup FFTs ...
Doing warmup FFTs ...
Doing warmup FFTs ...
Doing warmup FFTs ...
Doing warmup FFTs ...
Doing warmup FFTs ...
Doing warmup FFTs ...
Doing warmup FFTs ...
Doing warmup FFTs ...
Doing warmup FFTs ...
Doing warmup FFTs ...
Doing warmup FFTs ...
Doing warmup FFTs ...
Doing warmup FFTs ...
Doing FFTs ...
Doing FFTs ...
Doing FFTs ...
Doing FFTs ...
Doing FFTs ...
Doing FFTs ...
Doing FFTs ...
Doing FFTs ...
Doing FFTs ...
Doing FFTs ...
Doing FFTs ...
Doing FFTs ...
Doing FFTs ...
Doing FFTs ...
Doing FFTs ...
Doing FFTs ...
ParaFaFT: mean=7.6057s, std=0.418447s
FFTW:     mean=23.6469s, std=0.199689s
CSV written to bench_r2c.csv
>> wrote /pc2/users/c/csdcan02/scratch/Franz/parafaft/benchmark/cluster/results/strong_cpu_hybrid/N2048_n4_33701729/bench_r2c.csv
