cpu-bind=MASK - n2gpu1204, task  0  0 [1511408]: mask 0x|BBBBBBBB|BBBBBBBB||BBBBBBBB|BBBBBBBB||--------|--------||--------|--------||||BBBBBBBB|BBBBBBBB||BBBBBBBB|BBBBBBBB||--------|--------||--------|--------| set

Currently Loaded Modules:
  1) pc2fs
  2) slurm/25.11.2-1
  3) DefaultModules                                 (S)
  4) compiler/GCCcore/14.2.0
  5) devel/ncurses/6.5-GCCcore-14.2.0
  6) lib/zlib/1.3.1-GCCcore-14.2.0
  7) tools/bzip2/1.0.8-GCCcore-14.2.0
  8) lib/libidn2/2.3.7-GCCcore-14.2.0
  9) lib/libiconv/1.18-GCCcore-14.2.0
 10) lib/libunistring/1.3-GCCcore-14.2.0
 11) lib/libpsl/0.21.5-GCCcore-14.2.0
 12) system/OpenSSL/3
 13) tools/cURL/8.11.1-GCCcore-14.2.0
 14) tools/XZ/5.6.3-GCCcore-14.2.0
 15) tools/libarchive/3.7.7-GCCcore-14.2.0
 16) devel/CMake/3.31.3-GCCcore-14.2.0
 17) tools/binutils/2.42-GCCcore-14.2.0
 18) compiler/GCC/14.2.0
 19) tools/numactl/2.0.19-GCCcore-14.2.0
 20) lib/libxml2/2.13.4-GCCcore-14.2.0
 21) system/libpciaccess/0.18.1-GCCcore-14.2.0
 22) system/hwloc/2.11.2-GCCcore-14.2.0
 23) lib/libevent/2.1.12-GCCcore-14.2.0
 24) lib/UCX/1.18.0-GCCcore-14.2.0
 25) lib/libfabric/2.0.0-GCCcore-14.2.0
 26) lib/PMIx/5.0.6-GCCcore-14.2.0
 27) lib/PRRTE/3.0.8-GCCcore-14.2.0
 28) lib/UCC/1.3.0-GCCcore-14.2.0
 29) mpi/OpenMPI/5.0.7-GCC-14.2.0
 30) toolchain/gompi/2025a
 31) numlib/FFTW/3.3.10-GCC-14.2.0
 32) numlib/FFTW.MPI/3.3.10-gompi-2025a
 33) tools/Szip/2.1.1-GCCcore-14.2.0
 34) data/HDF5/1.14.6-gompi-2025a
 35) system/CUDA/12.8.0
 36) lib/GDRCopy/2.4.4-GCCcore-14.2.0
 37) lib/UCX-CUDA/1.18.0-GCCcore-14.2.0-CUDA-12.8.0

  Where:
   S:  Module is Sticky, requires --force to unload or purge
=== strong_gpu: N=1536 gpus=4 nodes=1 tpn=4 iters=20 ===
cpu-bind=MASK - n2gpu1204, task  0  0 [1511506]: mask 0x|BBBBBBBB|BBBBBBBB||--------|--------||--------|--------||--------|--------||||--------|--------||--------|--------||--------|--------||--------|--------| set
cpu-bind=MASK - n2gpu1204, task  1  1 [1511507]: mask 0x|--------|--------||BBBBBBBB|BBBBBBBB||--------|--------||--------|--------||||--------|--------||--------|--------||--------|--------||--------|--------| set
cpu-bind=MASK - n2gpu1204, task  2  2 [1511508]: mask 0x|--------|--------||--------|--------||--------|--------||--------|--------||||BBBBBBBB|BBBBBBBB||--------|--------||--------|--------||--------|--------| set
cpu-bind=MASK - n2gpu1204, task  3  3 [1511509]: mask 0x|--------|--------||--------|--------||--------|--------||--------|--------||||--------|--------||BBBBBBBB|BBBBBBBB||--------|--------||--------|--------| set
Creating ParaFaFT...
Creating ParaFaFT...
Creating ParaFaFT...

==========================================
Benchmark: ParaFaFT R2C (cuFFT) 3D, N=1536, MPI procs=4, iterations=20
Creating ParaFaFT...
terminate called after throwing an instance of 'std::runtime_error'
terminate called after throwing an instance of 'std::runtime_error'
terminate called after throwing an instance of 'std::runtime_error'
terminate called after throwing an instance of 'std::runtime_error'
  what():  cuFFT error in cufftPlanMany C2C backward: code 5
  what():  cuFFT error in cufftPlanMany C2C backward: code 5
[n2gpu1204:1511507] *** Process received signal ***
  what():  cuFFT error in cufftPlanMany C2C backward: code 5
[n2gpu1204:1511509] *** Process received signal ***
[n2gpu1204:1511509] Signal: Aborted (6)
[n2gpu1204:1511509] Signal code:  (-6)
[n2gpu1204:1511506] *** Process received signal ***
[n2gpu1204:1511506] Signal: Aborted (6)
[n2gpu1204:1511506] Signal code:  (-6)
[n2gpu1204:1511507] Signal: Aborted (6)
[n2gpu1204:1511507] Signal code:  (-6)
  what():  cuFFT error in cufftPlanMany C2C backward: code 5
[n2gpu1204:1511508] *** Process received signal ***
[n2gpu1204:1511508] Signal: Aborted (6)
[n2gpu1204:1511508] Signal code:  (-6)
[n2gpu1204:1511507] [ 0] /lib64/libpthread.so.0(+0x12990)[0x154430095990]
[n2gpu1204:1511508] [ 0] /lib64/libpthread.so.0(+0x12990)[0x14d11d6fa990]
[n2gpu1204:1511509] [ 0] /lib64/libpthread.so.0(+0x12990)[0x149e8b07f990]
[n2gpu1204:1511506] [ 0] /lib64/libpthread.so.0(+0x12990)[0x14b1b3769990]
[n2gpu1204:1511507] [ 1] /lib64/libc.so.6(gsignal+0x10f)[0x15441d8f75af]
[n2gpu1204:1511508] [ 1] /lib64/libc.so.6(gsignal+0x10f)[0x14d10af5c5af]
[n2gpu1204:1511509] [ 1] /lib64/libc.so.6(gsignal+0x10f)[0x149e788e15af]
[n2gpu1204:1511509] [ 2] /lib64/libc.so.6(abort+0x127)[0x149e788b4ee5]
[n2gpu1204:1511506] [ 1] /lib64/libc.so.6(gsignal+0x10f)[0x14b1a0fcb5af]
[n2gpu1204:1511507] [ 2] /lib64/libc.so.6(abort+0x127)[0x15441d8caee5]
[n2gpu1204:1511508] [ 2] /lib64/libc.so.6(abort+0x127)[0x14d10af2fee5]
[n2gpu1204:1511506] [ 2] /lib64/libc.so.6(abort+0x127)[0x14b1a0f9eee5]
[n2gpu1204:1511507] [ 3] /opt/software/pc2/EB-SW/software/GCCcore/14.2.0/lib64/libstdc++.so.6(+0xadc3d)[0x15441e0aec3d]
[n2gpu1204:1511508] [ 3] /opt/software/pc2/EB-SW/software/GCCcore/14.2.0/lib64/libstdc++.so.6(+0xadc3d)[0x14d10b713c3d]
[n2gpu1204:1511509] [ 3] /opt/software/pc2/EB-SW/software/GCCcore/14.2.0/lib64/libstdc++.so.6(+0xadc3d)[0x149e79098c3d]
[n2gpu1204:1511506] [ 3] /opt/software/pc2/EB-SW/software/GCCcore/14.2.0/lib64/libstdc++.so.6(+0xadc3d)[0x14b1a1782c3d]
[n2gpu1204:1511507] [ 4] /opt/software/pc2/EB-SW/software/GCCcore/14.2.0/lib64/libstdc++.so.6(+0xbf46a)[0x15441e0c046a]
[n2gpu1204:1511506] [ 4] /opt/software/pc2/EB-SW/software/GCCcore/14.2.0/lib64/libstdc++.so.6(+0xbf46a)[0x14b1a179446a]
[n2gpu1204:1511508] [ 4] /opt/software/pc2/EB-SW/software/GCCcore/14.2.0/lib64/libstdc++.so.6(+0xbf46a)[0x14d10b72546a]
[n2gpu1204:1511509] [ 4] /opt/software/pc2/EB-SW/software/GCCcore/14.2.0/lib64/libstdc++.so.6(+0xbf46a)[0x149e790aa46a]
[n2gpu1204:1511507] [ 5] /opt/software/pc2/EB-SW/software/GCCcore/14.2.0/lib64/libstdc++.so.6(_ZSt10unexpectedv+0x0)[0x15441e0ae7e9]
[n2gpu1204:1511509] [ 5] /opt/software/pc2/EB-SW/software/GCCcore/14.2.0/lib64/libstdc++.so.6(_ZSt10unexpectedv+0x0)[0x149e790987e9]
[n2gpu1204:1511506] [ 5] /opt/software/pc2/EB-SW/software/GCCcore/14.2.0/lib64/libstdc++.so.6(_ZSt10unexpectedv+0x0)[0x14b1a17827e9]
[n2gpu1204:1511508] [ 5] /opt/software/pc2/EB-SW/software/GCCcore/14.2.0/lib64/libstdc++.so.6(_ZSt10unexpectedv+0x0)[0x14d10b7137e9]
[n2gpu1204:1511507] [ 6] /opt/software/pc2/EB-SW/software/GCCcore/14.2.0/lib64/libstdc++.so.6(+0xbf6e8)[0x15441e0c06e8]
[n2gpu1204:1511507] [ 7] /pc2/users/c/csdcan02/scratch/Franz/parafaft/build_gpu/bench/bench_r2c_cuda[0x409cfe]
[n2gpu1204:1511507] [ 8] /pc2/users/c/csdcan02/scratch/Franz/parafaft/build_gpu/bench/bench_r2c_cuda[0x405ed5]
[n2gpu1204:1511509] [ 6] /opt/software/pc2/EB-SW/software/GCCcore/14.2.0/lib64/libstdc++.so.6(+0xbf6e8)[0x149e790aa6e8]
[n2gpu1204:1511509] [ 7] /pc2/users/c/csdcan02/scratch/Franz/parafaft/build_gpu/bench/bench_r2c_cuda[0x409cfe]
[n2gpu1204:1511509] [ 8] /pc2/users/c/csdcan02/scratch/Franz/parafaft/build_gpu/bench/bench_r2c_cuda[0x405ed5]
[n2gpu1204:1511509] [ 9] /pc2/users/c/csdcan02/scratch/Franz/parafaft/build_gpu/bench/bench_r2c_cuda[0x41169e]
[n2gpu1204:1511509] [10] /pc2/users/c/csdcan02/scratch/Franz/parafaft/build_gpu/bench/bench_r2c_cuda[0x411a89]
[n2gpu1204:1511509] [11] /pc2/users/c/csdcan02/scratch/Franz/parafaft/build_gpu/bench/bench_r2c_cuda[0x404f8f]
[n2gpu1204:1511506] [ 6] /opt/software/pc2/EB-SW/software/GCCcore/14.2.0/lib64/libstdc++.so.6(+0xbf6e8)[0x14b1a17946e8]
[n2gpu1204:1511506] [ 7] /pc2/users/c/csdcan02/scratch/Franz/parafaft/build_gpu/bench/bench_r2c_cuda[0x409cfe]
[n2gpu1204:1511506] [ 8] /pc2/users/c/csdcan02/scratch/Franz/parafaft/build_gpu/bench/bench_r2c_cuda[0x405ed5]
[n2gpu1204:1511506] [ 9] /pc2/users/c/csdcan02/scratch/Franz/parafaft/build_gpu/bench/bench_r2c_cuda[0x41169e]
[n2gpu1204:1511506] [10] /pc2/users/c/csdcan02/scratch/Franz/parafaft/build_gpu/bench/bench_r2c_cuda[0x411a89]
[n2gpu1204:1511506] [11] /pc2/users/c/csdcan02/scratch/Franz/parafaft/build_gpu/bench/bench_r2c_cuda[0x404f8f]
[n2gpu1204:1511507] [ 9] /pc2/users/c/csdcan02/scratch/Franz/parafaft/build_gpu/bench/bench_r2c_cuda[0x41169e]
[n2gpu1204:1511507] [10] /pc2/users/c/csdcan02/scratch/Franz/parafaft/build_gpu/bench/bench_r2c_cuda[0x411a89]
[n2gpu1204:1511507] [11] /pc2/users/c/csdcan02/scratch/Franz/parafaft/build_gpu/bench/bench_r2c_cuda[0x404f8f]
[n2gpu1204:1511507] [12] /lib64/libc.so.6(__libc_start_main+0xe5)[0x15441d8e3865]
[n2gpu1204:1511508] [ 6] /opt/software/pc2/EB-SW/software/GCCcore/14.2.0/lib64/libstdc++.so.6(+0xbf6e8)[0x14d10b7256e8]
[n2gpu1204:1511508] [ 7] /pc2/users/c/csdcan02/scratch/Franz/parafaft/build_gpu/bench/bench_r2c_cuda[0x409cfe]
[n2gpu1204:1511508] [ 8] /pc2/users/c/csdcan02/scratch/Franz/parafaft/build_gpu/bench/bench_r2c_cuda[0x405ed5]
[n2gpu1204:1511508] [ 9] /pc2/users/c/csdcan02/scratch/Franz/parafaft/build_gpu/bench/bench_r2c_cuda[0x41169e]
[n2gpu1204:1511508] [10] /pc2/users/c/csdcan02/scratch/Franz/parafaft/build_gpu/bench/bench_r2c_cuda[0x411a89]
[n2gpu1204:1511508] [11] /pc2/users/c/csdcan02/scratch/Franz/parafaft/build_gpu/bench/bench_r2c_cuda[0x404f8f]
[n2gpu1204:1511506] [12] /lib64/libc.so.6(__libc_start_main+0xe5)[0x14b1a0fb7865]
[n2gpu1204:1511506] [13] /pc2/users/c/csdcan02/scratch/Franz/parafaft/build_gpu/bench/bench_r2c_cuda[0x4050fe]
[n2gpu1204:1511506] *** End of error message ***
[n2gpu1204:1511507] [13] /pc2/users/c/csdcan02/scratch/Franz/parafaft/build_gpu/bench/bench_r2c_cuda[0x4050fe]
[n2gpu1204:1511507] *** End of error message ***
[n2gpu1204:1511508] [12] /lib64/libc.so.6(__libc_start_main+0xe5)[0x14d10af48865]
[n2gpu1204:1511508] [13] /pc2/users/c/csdcan02/scratch/Franz/parafaft/build_gpu/bench/bench_r2c_cuda[0x4050fe]
[n2gpu1204:1511508] *** End of error message ***
[n2gpu1204:1511509] [12] /lib64/libc.so.6(__libc_start_main+0xe5)[0x149e788cd865]
[n2gpu1204:1511509] [13] /pc2/users/c/csdcan02/scratch/Franz/parafaft/build_gpu/bench/bench_r2c_cuda[0x4050fe]
[n2gpu1204:1511509] *** End of error message ***
srun: error: n2gpu1204: task 0: Aborted (core dumped)
srun: Terminating StepId=33684943.0
[2026-07-20T22:56:18.221] error: *** STEP 33684943.0 ON n2gpu1204 CANCELLED AT 2026-07-20T22:56:18 DUE TO TASK FAILURE ***
[2026-07-20T22:56:18.996] error:  mpi/pmix_v4: _errhandler: n2gpu1204 [0]: pmixp_client_v2.c:226: Error handler invoked: status = -61, source = [slurm.pmix.33684943.0:0]
srun: Job step aborted: Waiting up to 32 seconds for job step to finish.
srun: error: n2gpu1204: tasks 2-3: Aborted (core dumped)
srun: error: n2gpu1204: task 1: Aborted (core dumped)
