cpu-bind=MASK - n2cn1020, task  0  0 [237865]: mask 0x|BBBBBBBB|BBBBBBBB||BBBBBBBB|BBBBBBBB||BBBBBBBB|BBBBBBBB||BBBBBBBB|BBBBBBBB||||BBBBBBBB|BBBBBBBB||BBBBBBBB|BBBBBBBB||BBBBBBBB|BBBBBBBB||BBBBBBBB|BBBBBBBB| set

Currently Loaded Modules:
  1) pc2fs
  2) slurm/25.11.2-1
  3) DefaultModules                            (S)
  4) compiler/GCCcore/14.2.0
  5) devel/ncurses/6.5-GCCcore-14.2.0
  6) lib/zlib/1.3.1-GCCcore-14.2.0
  7) tools/bzip2/1.0.8-GCCcore-14.2.0
  8) lib/libidn2/2.3.7-GCCcore-14.2.0
  9) lib/libiconv/1.18-GCCcore-14.2.0
 10) lib/libunistring/1.3-GCCcore-14.2.0
 11) lib/libpsl/0.21.5-GCCcore-14.2.0
 12) system/OpenSSL/3
 13) tools/cURL/8.11.1-GCCcore-14.2.0
 14) tools/XZ/5.6.3-GCCcore-14.2.0
 15) tools/libarchive/3.7.7-GCCcore-14.2.0
 16) devel/CMake/3.31.3-GCCcore-14.2.0
 17) tools/binutils/2.42-GCCcore-14.2.0
 18) compiler/GCC/14.2.0
 19) tools/numactl/2.0.19-GCCcore-14.2.0
 20) lib/libxml2/2.13.4-GCCcore-14.2.0
 21) system/libpciaccess/0.18.1-GCCcore-14.2.0
 22) system/hwloc/2.11.2-GCCcore-14.2.0
 23) lib/libevent/2.1.12-GCCcore-14.2.0
 24) lib/UCX/1.18.0-GCCcore-14.2.0
 25) lib/libfabric/2.0.0-GCCcore-14.2.0
 26) lib/PMIx/5.0.6-GCCcore-14.2.0
 27) lib/PRRTE/3.0.8-GCCcore-14.2.0
 28) lib/UCC/1.3.0-GCCcore-14.2.0
 29) mpi/OpenMPI/5.0.7-GCC-14.2.0
 30) toolchain/gompi/2025a
 31) numlib/FFTW/3.3.10-GCC-14.2.0
 32) numlib/FFTW.MPI/3.3.10-gompi-2025a
 33) tools/Szip/2.1.1-GCCcore-14.2.0
 34) data/HDF5/1.14.6-gompi-2025a

  Where:
   S:  Module is Sticky, requires --force to unload or purge
=== strong_cpu_hybrid: N=1536 nodes=8 ranks=32 threads=32 iters=50 ===
cpu-bind=MASK - n2cn1020, task  0  0 [237961]: mask 0x|BBBBBBBB|BBBBBBBB||BBBBBBBB|BBBBBBBB||--------|--------||--------|--------||||--------|--------||--------|--------||--------|--------||--------|--------| set
cpu-bind=MASK - n2cn1020, task  1  1 [237962]: mask 0x|--------|--------||--------|--------||BBBBBBBB|BBBBBBBB||BBBBBBBB|BBBBBBBB||||--------|--------||--------|--------||--------|--------||--------|--------| set
cpu-bind=MASK - n2cn1020, task  2  2 [237963]: mask 0x|--------|--------||--------|--------||--------|--------||--------|--------||||BBBBBBBB|BBBBBBBB||BBBBBBBB|BBBBBBBB||--------|--------||--------|--------| set
cpu-bind=MASK - n2cn1022, task  4  0 [279383]: mask 0x|BBBBBBBB|BBBBBBBB||BBBBBBBB|BBBBBBBB||--------|--------||--------|--------||||--------|--------||--------|--------||--------|--------||--------|--------| set
cpu-bind=MASK - n2cn1022, task  5  1 [279384]: mask 0x|--------|--------||--------|--------||BBBBBBBB|BBBBBBBB||BBBBBBBB|BBBBBBBB||||--------|--------||--------|--------||--------|--------||--------|--------| set
cpu-bind=MASK - n2cn1022, task  6  2 [279385]: mask 0x|--------|--------||--------|--------||--------|--------||--------|--------||||BBBBBBBB|BBBBBBBB||BBBBBBBB|BBBBBBBB||--------|--------||--------|--------| set
cpu-bind=MASK - n2cn1025, task  8  0 [147361]: mask 0x|BBBBBBBB|BBBBBBBB||BBBBBBBB|BBBBBBBB||--------|--------||--------|--------||||--------|--------||--------|--------||--------|--------||--------|--------| set
cpu-bind=MASK - n2cn1157, task 24  0 [2087746]: mask 0x|BBBBBBBB|BBBBBBBB||BBBBBBBB|BBBBBBBB||--------|--------||--------|--------||||--------|--------||--------|--------||--------|--------||--------|--------| set
cpu-bind=MASK - n2cn1025, task  9  1 [147362]: mask 0x|--------|--------||--------|--------||BBBBBBBB|BBBBBBBB||BBBBBBBB|BBBBBBBB||||--------|--------||--------|--------||--------|--------||--------|--------| set
cpu-bind=MASK - n2cn1193, task 28  0 [268024]: mask 0x|BBBBBBBB|BBBBBBBB||BBBBBBBB|BBBBBBBB||--------|--------||--------|--------||||--------|--------||--------|--------||--------|--------||--------|--------| set
cpu-bind=MASK - n2cn1154, task 20  0 [345537]: mask 0x|BBBBBBBB|BBBBBBBB||BBBBBBBB|BBBBBBBB||--------|--------||--------|--------||||--------|--------||--------|--------||--------|--------||--------|--------| set
cpu-bind=MASK - n2cn1157, task 25  1 [2087747]: mask 0x|--------|--------||--------|--------||BBBBBBBB|BBBBBBBB||BBBBBBBB|BBBBBBBB||||--------|--------||--------|--------||--------|--------||--------|--------| set
cpu-bind=MASK - n2cn1025, task 10  2 [147363]: mask 0x|--------|--------||--------|--------||--------|--------||--------|--------||||BBBBBBBB|BBBBBBBB||BBBBBBBB|BBBBBBBB||--------|--------||--------|--------| set
cpu-bind=MASK - n2cn1193, task 29  1 [268025]: mask 0x|--------|--------||--------|--------||BBBBBBBB|BBBBBBBB||BBBBBBBB|BBBBBBBB||||--------|--------||--------|--------||--------|--------||--------|--------| set
cpu-bind=MASK - n2cn1154, task 21  1 [345538]: mask 0x|--------|--------||--------|--------||BBBBBBBB|BBBBBBBB||BBBBBBBB|BBBBBBBB||||--------|--------||--------|--------||--------|--------||--------|--------| set
cpu-bind=MASK - n2cn1157, task 26  2 [2087748]: mask 0x|--------|--------||--------|--------||--------|--------||--------|--------||||BBBBBBBB|BBBBBBBB||BBBBBBBB|BBBBBBBB||--------|--------||--------|--------| set
cpu-bind=MASK - n2cn1151, task 12  0 [266386]: mask 0x|BBBBBBBB|BBBBBBBB||BBBBBBBB|BBBBBBBB||--------|--------||--------|--------||||--------|--------||--------|--------||--------|--------||--------|--------| set
cpu-bind=MASK - n2cn1193, task 30  2 [268026]: mask 0x|--------|--------||--------|--------||--------|--------||--------|--------||||BBBBBBBB|BBBBBBBB||BBBBBBBB|BBBBBBBB||--------|--------||--------|--------| set
cpu-bind=MASK - n2cn1154, task 22  2 [345539]: mask 0x|--------|--------||--------|--------||--------|--------||--------|--------||||BBBBBBBB|BBBBBBBB||BBBBBBBB|BBBBBBBB||--------|--------||--------|--------| set
cpu-bind=MASK - n2cn1151, task 13  1 [266387]: mask 0x|--------|--------||--------|--------||BBBBBBBB|BBBBBBBB||BBBBBBBB|BBBBBBBB||||--------|--------||--------|--------||--------|--------||--------|--------| set
cpu-bind=MASK - n2cn1020, task  3  3 [237964]: mask 0x|--------|--------||--------|--------||--------|--------||--------|--------||||--------|--------||--------|--------||BBBBBBBB|BBBBBBBB||BBBBBBBB|BBBBBBBB| set
cpu-bind=MASK - n2cn1152, task 16  0 [242746]: mask 0x|BBBBBBBB|BBBBBBBB||BBBBBBBB|BBBBBBBB||--------|--------||--------|--------||||--------|--------||--------|--------||--------|--------||--------|--------| set
cpu-bind=MASK - n2cn1151, task 14  2 [266388]: mask 0x|--------|--------||--------|--------||--------|--------||--------|--------||||BBBBBBBB|BBBBBBBB||BBBBBBBB|BBBBBBBB||--------|--------||--------|--------| set
cpu-bind=MASK - n2cn1152, task 17  1 [242747]: mask 0x|--------|--------||--------|--------||BBBBBBBB|BBBBBBBB||BBBBBBBB|BBBBBBBB||||--------|--------||--------|--------||--------|--------||--------|--------| set
cpu-bind=MASK - n2cn1022, task  7  3 [279386]: mask 0x|--------|--------||--------|--------||--------|--------||--------|--------||||--------|--------||--------|--------||BBBBBBBB|BBBBBBBB||BBBBBBBB|BBBBBBBB| set
cpu-bind=MASK - n2cn1152, task 18  2 [242748]: mask 0x|--------|--------||--------|--------||--------|--------||--------|--------||||BBBBBBBB|BBBBBBBB||BBBBBBBB|BBBBBBBB||--------|--------||--------|--------| set
cpu-bind=MASK - n2cn1025, task 11  3 [147364]: mask 0x|--------|--------||--------|--------||--------|--------||--------|--------||||--------|--------||--------|--------||BBBBBBBB|BBBBBBBB||BBBBBBBB|BBBBBBBB| set
cpu-bind=MASK - n2cn1157, task 27  3 [2087749]: mask 0x|--------|--------||--------|--------||--------|--------||--------|--------||||--------|--------||--------|--------||BBBBBBBB|BBBBBBBB||BBBBBBBB|BBBBBBBB| set
cpu-bind=MASK - n2cn1193, task 31  3 [268028]: mask 0x|--------|--------||--------|--------||--------|--------||--------|--------||||--------|--------||--------|--------||BBBBBBBB|BBBBBBBB||BBBBBBBB|BBBBBBBB| set
cpu-bind=MASK - n2cn1154, task 23  3 [345540]: mask 0x|--------|--------||--------|--------||--------|--------||--------|--------||||--------|--------||--------|--------||BBBBBBBB|BBBBBBBB||BBBBBBBB|BBBBBBBB| set
cpu-bind=MASK - n2cn1151, task 15  3 [266389]: mask 0x|--------|--------||--------|--------||--------|--------||--------|--------||||--------|--------||--------|--------||BBBBBBBB|BBBBBBBB||BBBBBBBB|BBBBBBBB| set
cpu-bind=MASK - n2cn1152, task 19  3 [242749]: mask 0x|--------|--------||--------|--------||--------|--------||--------|--------||||--------|--------||--------|--------||BBBBBBBB|BBBBBBBB||BBBBBBBB|BBBBBBBB| set
Creating ParaFaFT...
Creating ParaFaFT...
Creating ParaFaFT...
Creating ParaFaFT...
Creating ParaFaFT...
Creating ParaFaFT...
Creating ParaFaFT...
Creating ParaFaFT...
Creating ParaFaFT...
Creating ParaFaFT...
Creating ParaFaFT...
Creating ParaFaFT...
Creating ParaFaFT...
Creating ParaFaFT...
Creating ParaFaFT...
Creating ParaFaFT...
Creating ParaFaFT...
Creating ParaFaFT...
Creating ParaFaFT...
Creating ParaFaFT...
Creating ParaFaFT...
Creating ParaFaFT...
Creating ParaFaFT...
Creating ParaFaFT...
Creating ParaFaFT...
Creating ParaFaFT...

==========================================
Benchmark: ParaFaFT R2C 3D, N=1536, MPI procs=32, FFTW threads=32, iterations=50
Creating ParaFaFT...
Creating ParaFaFT...
Creating ParaFaFT...
Creating ParaFaFT...
Creating ParaFaFT...
Creating ParaFaFT...
Filling data...
Filling data...
Filling data...
Filling data...
Filling data...
Filling data...
Filling data...
Filling data...
Filling data...
Filling data...
Filling data...
Filling data...
Filling data...
Filling data...
Filling data...
Filling data...
Filling data...
Filling data...
Filling data...
Filling data...
Filling data...
Filling data...
Filling data...
Filling data...
Filling data...
Filling data...
Filling data...
Filling data...
Filling data...
Filling data...
Filling data...
Filling data...
Doing warmup FFTs ...
Doing warmup FFTs ...
Doing warmup FFTs ...
Doing warmup FFTs ...
Doing warmup FFTs ...
Doing warmup FFTs ...
Doing warmup FFTs ...
Doing warmup FFTs ...
Doing warmup FFTs ...
Doing warmup FFTs ...
Doing warmup FFTs ...
Doing warmup FFTs ...
Doing warmup FFTs ...
Doing warmup FFTs ...
Doing warmup FFTs ...
Doing warmup FFTs ...
Doing warmup FFTs ...
Doing warmup FFTs ...
Doing warmup FFTs ...
Doing warmup FFTs ...
Doing warmup FFTs ...
Doing warmup FFTs ...
Doing warmup FFTs ...
Doing warmup FFTs ...
Doing warmup FFTs ...
Doing warmup FFTs ...
Doing warmup FFTs ...
Doing warmup FFTs ...
Doing warmup FFTs ...
Doing warmup FFTs ...
Doing warmup FFTs ...
Doing warmup FFTs ...
Doing FFTs ...
Doing FFTs ...
Doing FFTs ...
Doing FFTs ...
Doing FFTs ...
Doing FFTs ...
Doing FFTs ...
Doing FFTs ...
Doing FFTs ...
Doing FFTs ...
Doing FFTs ...
Doing FFTs ...
Doing FFTs ...
Doing FFTs ...
Doing FFTs ...
Doing FFTs ...
Doing FFTs ...
Doing FFTs ...
Doing FFTs ...
Doing FFTs ...
Doing FFTs ...
Doing FFTs ...
Doing FFTs ...
Doing FFTs ...
Doing FFTs ...
Doing FFTs ...
Doing FFTs ...
Doing FFTs ...
Doing FFTs ...
Doing FFTs ...
Doing FFTs ...
Doing FFTs ...
Creating FFTW...
Creating FFTW...
Creating FFTW...
Creating FFTW...
Creating FFTW...
Creating FFTW...
Creating FFTW...
Creating FFTW...
Creating FFTW...
Creating FFTW...
Creating FFTW...
Creating FFTW...
Creating FFTW...
Creating FFTW...
Creating FFTW...
Creating FFTW...
Creating FFTW...
Creating FFTW...
Creating FFTW...
Creating FFTW...
Creating FFTW...
Creating FFTW...
Filling data...
Creating FFTW...
Filling data...
Filling data...
Filling data...
Filling data...
Creating FFTW...
Filling data...
Creating FFTW...
Filling data...
Filling data...
Filling data...
Filling data...
Filling data...
Creating FFTW...
Filling data...
Filling data...
Filling data...
Filling data...
Creating FFTW...
Filling data...
Filling data...
Filling data...
Filling data...
Creating FFTW...
Creating FFTW...
Filling data...
Filling data...
Creating FFTW...
Filling data...
Creating FFTW...
Filling data...
Filling data...
Filling data...
Creating FFTW...
Filling data...
Filling data...
Filling data...
Filling data...
Filling data...
Filling data...
Filling data...
Doing warmup FFTs ...
Doing warmup FFTs ...
Doing warmup FFTs ...
Doing warmup FFTs ...
Doing warmup FFTs ...
Doing warmup FFTs ...
Doing warmup FFTs ...
Doing warmup FFTs ...
Doing warmup FFTs ...
Doing warmup FFTs ...
Doing warmup FFTs ...
Doing warmup FFTs ...
Doing warmup FFTs ...
Doing warmup FFTs ...
Doing warmup FFTs ...
Doing warmup FFTs ...
Doing warmup FFTs ...
Doing warmup FFTs ...
Doing warmup FFTs ...
Doing warmup FFTs ...
Doing warmup FFTs ...
Doing warmup FFTs ...
Doing warmup FFTs ...
Doing warmup FFTs ...
Doing warmup FFTs ...
Doing warmup FFTs ...
Doing warmup FFTs ...
Doing warmup FFTs ...
Doing warmup FFTs ...
Doing warmup FFTs ...
Doing warmup FFTs ...
Doing warmup FFTs ...
Doing FFTs ...
Doing FFTs ...
Doing FFTs ...
Doing FFTs ...
Doing FFTs ...
Doing FFTs ...
Doing FFTs ...
Doing FFTs ...
Doing FFTs ...
Doing FFTs ...
Doing FFTs ...
Doing FFTs ...
Doing FFTs ...
Doing FFTs ...
Doing FFTs ...
Doing FFTs ...
Doing FFTs ...
Doing FFTs ...
Doing FFTs ...
Doing FFTs ...
Doing FFTs ...
Doing FFTs ...
Doing FFTs ...
Doing FFTs ...
Doing FFTs ...
Doing FFTs ...
Doing FFTs ...
Doing FFTs ...
Doing FFTs ...
Doing FFTs ...
Doing FFTs ...
Doing FFTs ...
ParaFaFT: mean=4.62777s, std=0.0502424s
FFTW:     mean=4.27089s, std=0.0279515s
CSV written to bench_r2c.csv
>> wrote /pc2/users/c/csdcan02/scratch/Franz/parafaft/benchmark/cluster/results/strong_cpu_hybrid/N1536_n8_33674743/bench_r2c.csv
